./data/gct/csv/mapped/sorted//G00176HZ.csv
./data/gct/csv/mapped/sorted//G00227RN.csv
./data/gct/csv/mapped/sorted//G00249IY.csv
./data/gct/csv/mapped/sorted//G00279YF.csv
./data/gct/csv/mapped/sorted//G00281HB.csv
./data/gct/csv/mapped/sorted//G00413UF.csv
./data/gct/csv/mapped/sorted//G00432WV.csv
./data/gct/csv/mapped/sorted//G00463XD.csv
./data/gct/csv/mapped/sorted//G00470UO.csv
./data/gct/csv/mapped/sorted//G00492CQ.csv
./data/gct/csv/mapped/sorted//G00503EE.csv
./data/gct/csv/mapped/sorted//G00551JZ.csv
./data/gct/csv/mapped/sorted//G00553AN.csv
./data/gct/csv/mapped/sorted//G00582VL.csv
./data/gct/csv/mapped/sorted//G00606LX.csv
./data/gct/csv/mapped/sorted//G00695JO.csv
./data/gct/csv/mapped/sorted//G00706QN.csv
./data/gct/csv/mapped/sorted//G00743WU.csv
./data/gct/csv/mapped/sorted//G00797ZX.csv
./data/gct/csv/mapped/sorted//G00800WJ.csv
./data/gct/csv/mapped/sorted//G00830CM.csv
./data/gct/csv/mapped/sorted//G00875VP.csv
./data/gct/csv/mapped/sorted//G00883ZT.csv
./data/gct/csv/mapped/sorted//G00978TF.csv
./data/gct/csv/mapped/sorted//G00986YT.csv
./data/gct/csv/mapped/sorted//G00995HW.csv
./data/gct/csv/mapped/sorted//G01120GS.csv
./data/gct/csv/mapped/sorted//G01223AA.csv
./data/gct/csv/mapped/sorted//G01310VF.csv
./data/gct/csv/mapped/sorted//G01361CV.csv
./data/gct/csv/mapped/sorted//G01367ZS.csv
./data/gct/csv/mapped/sorted//G01378OV.csv
./data/gct/csv/mapped/sorted//G01414CL.csv
./data/gct/csv/mapped/sorted//G01489UZ.csv
./data/gct/csv/mapped/sorted//G01543ZX.csv
./data/gct/csv/mapped/sorted//G01600VV.csv
./data/gct/csv/mapped/sorted//G01613KN.csv
./data/gct/csv/mapped/sorted//G01659NO.csv
./data/gct/csv/mapped/sorted//G01670UQ.csv
./data/gct/csv/mapped/sorted//G01769FS.csv
./data/gct/csv/mapped/sorted//G01817YC.csv
./data/gct/csv/mapped/sorted//G01954BU.csv
./data/gct/csv/mapped/sorted//G02000AU.csv
./data/gct/csv/mapped/sorted//G02122FK.csv
./data/gct/csv/mapped/sorted//G02156UW.csv
./data/gct/csv/mapped/sorted//G02251YG.csv
./data/gct/csv/mapped/sorted//G02310VX.csv
./data/gct/csv/mapped/sorted//G02311IE.csv
./data/gct/csv/mapped/sorted//G02402FF.csv
./data/gct/csv/mapped/sorted//G02410EE.csv
./data/gct/csv/mapped/sorted//G02456AL.csv
./data/gct/csv/mapped/sorted//G02470WS.csv
./data/gct/csv/mapped/sorted//G02473HY.csv
./data/gct/csv/mapped/sorted//G02483WT.csv
./data/gct/csv/mapped/sorted//G02561FC.csv
./data/gct/csv/mapped/sorted//G02654EL.csv
./data/gct/csv/mapped/sorted//G02661MY.csv
./data/gct/csv/mapped/sorted//G02760XH.csv
./data/gct/csv/mapped/sorted//G02786XX.csv
./data/gct/csv/mapped/sorted//G02915XR.csv
./data/gct/csv/mapped/sorted//G03081ER.csv
./data/gct/csv/mapped/sorted//G03164NE.csv
./data/gct/csv/mapped/sorted//G03165SD.csv
./data/gct/csv/mapped/sorted//G03195HW.csv
./data/gct/csv/mapped/sorted//G03216SJ.csv
./data/gct/csv/mapped/sorted//G03275SD.csv
./data/gct/csv/mapped/sorted//G03479ZN.csv
./data/gct/csv/mapped/sorted//G03584KV.csv
./data/gct/csv/mapped/sorted//G03605AV.csv
./data/gct/csv/mapped/sorted//G03652TR.csv
./data/gct/csv/mapped/sorted//G03740OH.csv
./data/gct/csv/mapped/sorted//G03754YM.csv
./data/gct/csv/mapped/sorted//G03764XL.csv
./data/gct/csv/mapped/sorted//G03802LT.csv
./data/gct/csv/mapped/sorted//G03834RX.csv
./data/gct/csv/mapped/sorted//G03860PZ.csv
./data/gct/csv/mapped/sorted//G03895SR.csv
./data/gct/csv/mapped/sorted//G03921DY.csv
./data/gct/csv/mapped/sorted//G03984TW.csv
./data/gct/csv/mapped/sorted//G04048YA.csv
./data/gct/csv/mapped/sorted//G04077XA.csv
./data/gct/csv/mapped/sorted//G04286YE.csv
./data/gct/csv/mapped/sorted//G04423CA.csv
./data/gct/csv/mapped/sorted//G04445KN.csv
./data/gct/csv/mapped/sorted//G04483SK.csv
./data/gct/csv/mapped/sorted//G04561MG.csv
./data/gct/csv/mapped/sorted//G04576KS.csv
./data/gct/csv/mapped/sorted//G04595ZA.csv
./data/gct/csv/mapped/sorted//G04622LK.csv
./data/gct/csv/mapped/sorted//G04689DA.csv
./data/gct/csv/mapped/sorted//G04744XB.csv
./data/gct/csv/mapped/sorted//G04751OE.csv
./data/gct/csv/mapped/sorted//G04775TV.csv
./data/gct/csv/mapped/sorted//G04791QM.csv
./data/gct/csv/mapped/sorted//G04855ZO.csv
./data/gct/csv/mapped/sorted//G04909DG.csv
./data/gct/csv/mapped/sorted//G04959WS.csv
./data/gct/csv/mapped/sorted//G05026ZL.csv
./data/gct/csv/mapped/sorted//G05098FE.csv
./data/gct/csv/mapped/sorted//G05187WH.csv
./data/gct/csv/mapped/sorted//G05229BF.csv
./data/gct/csv/mapped/sorted//G05241IE.csv
./data/gct/csv/mapped/sorted//G05319BS.csv
./data/gct/csv/mapped/sorted//G05360PA.csv
./data/gct/csv/mapped/sorted//G05382JE.csv
./data/gct/csv/mapped/sorted//G05395FV.csv
./data/gct/csv/mapped/sorted//G05421KO.csv
./data/gct/csv/mapped/sorted//G05478GN.csv
./data/gct/csv/mapped/sorted//G05611SB.csv
./data/gct/csv/mapped/sorted//G05850WN.csv
./data/gct/csv/mapped/sorted//G05948HK.csv
./data/gct/csv/mapped/sorted//G05950HG.csv
./data/gct/csv/mapped/sorted//G05953WP.csv
./data/gct/csv/mapped/sorted//G05979RR.csv
./data/gct/csv/mapped/sorted//G06070KG.csv
./data/gct/csv/mapped/sorted//G06100EH.csv
./data/gct/csv/mapped/sorted//G06209KS.csv
./data/gct/csv/mapped/sorted//G06215XQ.csv
./data/gct/csv/mapped/sorted//G06404ZJ.csv
./data/gct/csv/mapped/sorted//G06534UH.csv
./data/gct/csv/mapped/sorted//G06578MY.csv
./data/gct/csv/mapped/sorted//G06601SQ.csv
./data/gct/csv/mapped/sorted//G06673TD.csv
./data/gct/csv/mapped/sorted//G06707ZH.csv
./data/gct/csv/mapped/sorted//G06730AH.csv
./data/gct/csv/mapped/sorted//G06772YH.csv
./data/gct/csv/mapped/sorted//G06830II.csv
./data/gct/csv/mapped/sorted//G06830JN.csv
./data/gct/csv/mapped/sorted//G06920GM.csv
./data/gct/csv/mapped/sorted//G07041CT.csv
./data/gct/csv/mapped/sorted//G07162IJ.csv
./data/gct/csv/mapped/sorted//G07169PS.csv
./data/gct/csv/mapped/sorted//G07262RR.csv
./data/gct/csv/mapped/sorted//G07265CE.csv
./data/gct/csv/mapped/sorted//G07292LK.csv
./data/gct/csv/mapped/sorted//G07328EF.csv
./data/gct/csv/mapped/sorted//G07337US.csv
./data/gct/csv/mapped/sorted//G07380TS.csv
./data/gct/csv/mapped/sorted//G07392QY.csv
./data/gct/csv/mapped/sorted//G07410AW.csv
./data/gct/csv/mapped/sorted//G07483YN.csv
./data/gct/csv/mapped/sorted//G07493GF.csv
./data/gct/csv/mapped/sorted//G07617FP.csv
./data/gct/csv/mapped/sorted//G07682PQ.csv
./data/gct/csv/mapped/sorted//G07695ZT.csv
./data/gct/csv/mapped/sorted//G07703ST.csv
./data/gct/csv/mapped/sorted//G07842DQ.csv
./data/gct/csv/mapped/sorted//G07947TY.csv
./data/gct/csv/mapped/sorted//G07982BU.csv
./data/gct/csv/mapped/sorted//G07995VK.csv
./data/gct/csv/mapped/sorted//G08011QI.csv
./data/gct/csv/mapped/sorted//G08096ND.csv
./data/gct/csv/mapped/sorted//G08111FJ.csv
./data/gct/csv/mapped/sorted//G08146BT.csv
./data/gct/csv/mapped/sorted//G08161JQ.csv
./data/gct/csv/mapped/sorted//G08185DV.csv
./data/gct/csv/mapped/sorted//G08242BT.csv
./data/gct/csv/mapped/sorted//G08378WD.csv
./data/gct/csv/mapped/sorted//G08492JZ.csv
./data/gct/csv/mapped/sorted//G08520NM.csv
./data/gct/csv/mapped/sorted//G08577PR.csv
./data/gct/csv/mapped/sorted//G08646YJ.csv
./data/gct/csv/mapped/sorted//G08673AT.csv
./data/gct/csv/mapped/sorted//G08679LR.csv
./data/gct/csv/mapped/sorted//G08709JB.csv
./data/gct/csv/mapped/sorted//G08712ES.csv
./data/gct/csv/mapped/sorted//G08820NR.csv
./data/gct/csv/mapped/sorted//G08866CW.csv
./data/gct/csv/mapped/sorted//G09020HN.csv
./data/gct/csv/mapped/sorted//G09115OQ.csv
./data/gct/csv/mapped/sorted//G09118YK.csv
./data/gct/csv/mapped/sorted//G09125WG.csv
./data/gct/csv/mapped/sorted//G09150LP.csv
./data/gct/csv/mapped/sorted//G09176OA.csv
./data/gct/csv/mapped/sorted//G09260EL.csv
./data/gct/csv/mapped/sorted//G09276TA.csv
./data/gct/csv/mapped/sorted//G09322OS.csv
./data/gct/csv/mapped/sorted//G09349XQ.csv
./data/gct/csv/mapped/sorted//G09362VG.csv
./data/gct/csv/mapped/sorted//G09393NL.csv
./data/gct/csv/mapped/sorted//G09394JN.csv
./data/gct/csv/mapped/sorted//G09397UV.csv
./data/gct/csv/mapped/sorted//G09405BO.csv
./data/gct/csv/mapped/sorted//G09416DG.csv
./data/gct/csv/mapped/sorted//G09482NW.csv
./data/gct/csv/mapped/sorted//G09513RD.csv
./data/gct/csv/mapped/sorted//G09568JT.csv
./data/gct/csv/mapped/sorted//G09576QH.csv
./data/gct/csv/mapped/sorted//G09635US.csv
./data/gct/csv/mapped/sorted//G09650BK.csv
./data/gct/csv/mapped/sorted//G09666WO.csv
./data/gct/csv/mapped/sorted//G09724ZC.csv
./data/gct/csv/mapped/sorted//G09775CH.csv
./data/gct/csv/mapped/sorted//G09839ES.csv
./data/gct/csv/mapped/sorted//G09902CG.csv
./data/gct/csv/mapped/sorted//G10106TL.csv
./data/gct/csv/mapped/sorted//G10108GZ.csv
./data/gct/csv/mapped/sorted//G10189EJ.csv
./data/gct/csv/mapped/sorted//G10219AA.csv
./data/gct/csv/mapped/sorted//G10228OD.csv
./data/gct/csv/mapped/sorted//G10258MC.csv
./data/gct/csv/mapped/sorted//G10292TC.csv
./data/gct/csv/mapped/sorted//G10300DY.csv
./data/gct/csv/mapped/sorted//G10417XF.csv
./data/gct/csv/mapped/sorted//G10470SE.csv
./data/gct/csv/mapped/sorted//G10471FG.csv
./data/gct/csv/mapped/sorted//G10483PN.csv
./data/gct/csv/mapped/sorted//G10601XM.csv
./data/gct/csv/mapped/sorted//G10609HO.csv
./data/gct/csv/mapped/sorted//G10627KR.csv
./data/gct/csv/mapped/sorted//G10666VQ.csv
./data/gct/csv/mapped/sorted//G10820KD.csv
./data/gct/csv/mapped/sorted//G10835DD.csv
./data/gct/csv/mapped/sorted//G10844WB.csv
./data/gct/csv/mapped/sorted//G10845BX.csv
./data/gct/csv/mapped/sorted//G10881VB.csv
./data/gct/csv/mapped/sorted//G10898KH.csv
./data/gct/csv/mapped/sorted//G10944ZI.csv
./data/gct/csv/mapped/sorted//G10995NB.csv
./data/gct/csv/mapped/sorted//G11041DA.csv
./data/gct/csv/mapped/sorted//G11254FL.csv
./data/gct/csv/mapped/sorted//G11324RD.csv
./data/gct/csv/mapped/sorted//G11329LI.csv
./data/gct/csv/mapped/sorted//G11350UX.csv
./data/gct/csv/mapped/sorted//G11392CL.csv
./data/gct/csv/mapped/sorted//G11450PA.csv
./data/gct/csv/mapped/sorted//G11453BM.csv
./data/gct/csv/mapped/sorted//G11460AB.csv
./data/gct/csv/mapped/sorted//G11479AN.csv
./data/gct/csv/mapped/sorted//G11509RN.csv
./data/gct/csv/mapped/sorted//G11528MV.csv
./data/gct/csv/mapped/sorted//G11535IB.csv
./data/gct/csv/mapped/sorted//G11561RV.csv
./data/gct/csv/mapped/sorted//G11571JL.csv
./data/gct/csv/mapped/sorted//G11671GQ.csv
./data/gct/csv/mapped/sorted//G11696PX.csv
./data/gct/csv/mapped/sorted//G11700UP.csv
./data/gct/csv/mapped/sorted//G11865ZE.csv
./data/gct/csv/mapped/sorted//G11908FF.csv
./data/gct/csv/mapped/sorted//G11948QD.csv
./data/gct/csv/mapped/sorted//G11960UF.csv
./data/gct/csv/mapped/sorted//G11994QC.csv
./data/gct/csv/mapped/sorted//G12150CK.csv
./data/gct/csv/mapped/sorted//G12222NC.csv
./data/gct/csv/mapped/sorted//G12352RJ.csv
./data/gct/csv/mapped/sorted//G12398HZ.csv
./data/gct/csv/mapped/sorted//G12436UO.csv
./data/gct/csv/mapped/sorted//G12438DW.csv
./data/gct/csv/mapped/sorted//G12511VU.csv
./data/gct/csv/mapped/sorted//G12524BD.csv
./data/gct/csv/mapped/sorted//G12593TX.csv
./data/gct/csv/mapped/sorted//G12604EW.csv
./data/gct/csv/mapped/sorted//G12655NI.csv
./data/gct/csv/mapped/sorted//G12708JQ.csv
./data/gct/csv/mapped/sorted//G12775RU.csv
./data/gct/csv/mapped/sorted//G12878NK.csv
./data/gct/csv/mapped/sorted//G13074BX.csv
./data/gct/csv/mapped/sorted//G13151XE.csv
./data/gct/csv/mapped/sorted//G13156PQ.csv
./data/gct/csv/mapped/sorted//G13165FV.csv
./data/gct/csv/mapped/sorted//G13257IK.csv
./data/gct/csv/mapped/sorted//G13282WA.csv
./data/gct/csv/mapped/sorted//G13290KJ.csv
./data/gct/csv/mapped/sorted//G13291XJ.csv
./data/gct/csv/mapped/sorted//G13495RN.csv
./data/gct/csv/mapped/sorted//G13515ZY.csv
./data/gct/csv/mapped/sorted//G13537KO.csv
./data/gct/csv/mapped/sorted//G13583BZ.csv
./data/gct/csv/mapped/sorted//G13661YX.csv
./data/gct/csv/mapped/sorted//G13672YG.csv
./data/gct/csv/mapped/sorted//G13836YR.csv
./data/gct/csv/mapped/sorted//G13849JB.csv
./data/gct/csv/mapped/sorted//G13849YJ.csv
./data/gct/csv/mapped/sorted//G13991MC.csv
./data/gct/csv/mapped/sorted//G14015IL.csv
./data/gct/csv/mapped/sorted//G14020CV.csv
./data/gct/csv/mapped/sorted//G14047PA.csv
./data/gct/csv/mapped/sorted//G14127XU.csv
./data/gct/csv/mapped/sorted//G14176QY.csv
./data/gct/csv/mapped/sorted//G14190WK.csv
./data/gct/csv/mapped/sorted//G14199EY.csv
./data/gct/csv/mapped/sorted//G14232GJ.csv
./data/gct/csv/mapped/sorted//G14244NF.csv
./data/gct/csv/mapped/sorted//G14343MU.csv
./data/gct/csv/mapped/sorted//G14358WN.csv
./data/gct/csv/mapped/sorted//G14389GM.csv
./data/gct/csv/mapped/sorted//G14438ZT.csv
./data/gct/csv/mapped/sorted//G14520ZO.csv
./data/gct/csv/mapped/sorted//G14548ZL.csv
./data/gct/csv/mapped/sorted//G14572XX.csv
./data/gct/csv/mapped/sorted//G14576KZ.csv
./data/gct/csv/mapped/sorted//G14696LD.csv
./data/gct/csv/mapped/sorted//G14809NR.csv
./data/gct/csv/mapped/sorted//G14854WL.csv
./data/gct/csv/mapped/sorted//G14882EB.csv
./data/gct/csv/mapped/sorted//G14889WU.csv
./data/gct/csv/mapped/sorted//G14996IQ.csv
./data/gct/csv/mapped/sorted//G14998UC.csv
./data/gct/csv/mapped/sorted//G15112UU.csv
./data/gct/csv/mapped/sorted//G15198VK.csv
./data/gct/csv/mapped/sorted//G15216UP.csv
./data/gct/csv/mapped/sorted//G15355KC.csv
./data/gct/csv/mapped/sorted//G15365AE.csv
./data/gct/csv/mapped/sorted//G15527QL.csv
./data/gct/csv/mapped/sorted//G15571KX.csv
./data/gct/csv/mapped/sorted//G15631YF.csv
./data/gct/csv/mapped/sorted//G15683CN.csv
./data/gct/csv/mapped/sorted//G15791TK.csv
./data/gct/csv/mapped/sorted//G15828HX.csv
./data/gct/csv/mapped/sorted//G15956KF.csv
./data/gct/csv/mapped/sorted//G16119YF.csv
./data/gct/csv/mapped/sorted//G16122GW.csv
./data/gct/csv/mapped/sorted//G16150CJ.csv
./data/gct/csv/mapped/sorted//G16204NU.csv
./data/gct/csv/mapped/sorted//G16265MV.csv
./data/gct/csv/mapped/sorted//G16344ZG.csv
./data/gct/csv/mapped/sorted//G16397GM.csv
./data/gct/csv/mapped/sorted//G16441MS.csv
./data/gct/csv/mapped/sorted//G16481GK.csv
./data/gct/csv/mapped/sorted//G16529MG.csv
./data/gct/csv/mapped/sorted//G16536EO.csv
./data/gct/csv/mapped/sorted//G16546ZZ.csv
./data/gct/csv/mapped/sorted//G16633VX.csv
./data/gct/csv/mapped/sorted//G16679DU.csv
./data/gct/csv/mapped/sorted//G16733YD.csv
./data/gct/csv/mapped/sorted//G16743OM.csv
./data/gct/csv/mapped/sorted//G16758MX.csv
./data/gct/csv/mapped/sorted//G16774YZ.csv
./data/gct/csv/mapped/sorted//G16778ZK.csv
./data/gct/csv/mapped/sorted//G16808DC.csv
./data/gct/csv/mapped/sorted//G16828VN.csv
./data/gct/csv/mapped/sorted//G16873YG.csv
./data/gct/csv/mapped/sorted//G16933JU.csv
./data/gct/csv/mapped/sorted//G17155VX.csv
./data/gct/csv/mapped/sorted//G17164DX.csv
./data/gct/csv/mapped/sorted//G17168RO.csv
./data/gct/csv/mapped/sorted//G17205DU.csv
./data/gct/csv/mapped/sorted//G17207FU.csv
./data/gct/csv/mapped/sorted//G17336WC.csv
./data/gct/csv/mapped/sorted//G17348SA.csv
./data/gct/csv/mapped/sorted//G17389EH.csv
./data/gct/csv/mapped/sorted//G17409FQ.csv
./data/gct/csv/mapped/sorted//G17441MI.csv
./data/gct/csv/mapped/sorted//G17473NR.csv
./data/gct/csv/mapped/sorted//G17540HT.csv
./data/gct/csv/mapped/sorted//G17644VM.csv
./data/gct/csv/mapped/sorted//G17689DH.csv
./data/gct/csv/mapped/sorted//G17820VB.csv
./data/gct/csv/mapped/sorted//G17848HM.csv
./data/gct/csv/mapped/sorted//G17875TE.csv
./data/gct/csv/mapped/sorted//G17964XN.csv
./data/gct/csv/mapped/sorted//G17968CJ.csv
./data/gct/csv/mapped/sorted//G17977UE.csv
./data/gct/csv/mapped/sorted//G17996ZO.csv
./data/gct/csv/mapped/sorted//G18013WR.csv
./data/gct/csv/mapped/sorted//G18160VJ.csv
./data/gct/csv/mapped/sorted//G18165XJ.csv
./data/gct/csv/mapped/sorted//G18188WJ.csv
./data/gct/csv/mapped/sorted//G18211PK.csv
./data/gct/csv/mapped/sorted//G18219CJ.csv
./data/gct/csv/mapped/sorted//G18223CA.csv
./data/gct/csv/mapped/sorted//G18410AS.csv
./data/gct/csv/mapped/sorted//G18510WC.csv
./data/gct/csv/mapped/sorted//G18584GW.csv
./data/gct/csv/mapped/sorted//G18619IO.csv
./data/gct/csv/mapped/sorted//G18913QB.csv
./data/gct/csv/mapped/sorted//G18938DW.csv
./data/gct/csv/mapped/sorted//G18947DS.csv
./data/gct/csv/mapped/sorted//G18960KY.csv
./data/gct/csv/mapped/sorted//G19099PA.csv
./data/gct/csv/mapped/sorted//G19106CR.csv
./data/gct/csv/mapped/sorted//G19287UY.csv
./data/gct/csv/mapped/sorted//G19310VN.csv
./data/gct/csv/mapped/sorted//G19447ZX.csv
./data/gct/csv/mapped/sorted//G19469VZ.csv
./data/gct/csv/mapped/sorted//G19520XO.csv
./data/gct/csv/mapped/sorted//G19537TS.csv
./data/gct/csv/mapped/sorted//G19607EP.csv
./data/gct/csv/mapped/sorted//G19615BB.csv
./data/gct/csv/mapped/sorted//G19747OA.csv
./data/gct/csv/mapped/sorted//G20030CU.csv
./data/gct/csv/mapped/sorted//G20079RG.csv
./data/gct/csv/mapped/sorted//G20170YB.csv
./data/gct/csv/mapped/sorted//G20174ZL.csv
./data/gct/csv/mapped/sorted//G20218ZS.csv
./data/gct/csv/mapped/sorted//G20352YV.csv
./data/gct/csv/mapped/sorted//G20544CY.csv
./data/gct/csv/mapped/sorted//G20624LQ.csv
./data/gct/csv/mapped/sorted//G20636FS.csv
./data/gct/csv/mapped/sorted//G20662UG.csv
./data/gct/csv/mapped/sorted//G20692QU.csv
./data/gct/csv/mapped/sorted//G20751GZ.csv
./data/gct/csv/mapped/sorted//G20767LB.csv
./data/gct/csv/mapped/sorted//G20779SK.csv
./data/gct/csv/mapped/sorted//G20877ZV.csv
./data/gct/csv/mapped/sorted//G20894MY.csv
./data/gct/csv/mapped/sorted//G20966IA.csv
./data/gct/csv/mapped/sorted//G20983SP.csv
./data/gct/csv/mapped/sorted//G21001NA.csv
./data/gct/csv/mapped/sorted//G21005TQ.csv
./data/gct/csv/mapped/sorted//G21050RT.csv
./data/gct/csv/mapped/sorted//G21218WO.csv
./data/gct/csv/mapped/sorted//G21257CI.csv
./data/gct/csv/mapped/sorted//G21327TO.csv
./data/gct/csv/mapped/sorted//G21361AZ.csv
./data/gct/csv/mapped/sorted//G21380FF.csv
./data/gct/csv/mapped/sorted//G21415RL.csv
./data/gct/csv/mapped/sorted//G21454AE.csv
./data/gct/csv/mapped/sorted//G21737WY.csv
./data/gct/csv/mapped/sorted//G21986MJ.csv
./data/gct/csv/mapped/sorted//G22048BB.csv
./data/gct/csv/mapped/sorted//G22098NU.csv
./data/gct/csv/mapped/sorted//G22117HL.csv
./data/gct/csv/mapped/sorted//G22117NA.csv
./data/gct/csv/mapped/sorted//G22137OG.csv
./data/gct/csv/mapped/sorted//G22140GZ.csv
./data/gct/csv/mapped/sorted//G22208HN.csv
./data/gct/csv/mapped/sorted//G22237ZE.csv
./data/gct/csv/mapped/sorted//G22246QW.csv
./data/gct/csv/mapped/sorted//G22493AJ.csv
./data/gct/csv/mapped/sorted//G22511DQ.csv
./data/gct/csv/mapped/sorted//G22674CI.csv
./data/gct/csv/mapped/sorted//G22721QX.csv
./data/gct/csv/mapped/sorted//G22768VO.csv
./data/gct/csv/mapped/sorted//G22836DF.csv
./data/gct/csv/mapped/sorted//G22859OA.csv
./data/gct/csv/mapped/sorted//G22927MQ.csv
./data/gct/csv/mapped/sorted//G22949KX.csv
./data/gct/csv/mapped/sorted//G22979QH.csv
./data/gct/csv/mapped/sorted//G23024PQ.csv
./data/gct/csv/mapped/sorted//G23295TF.csv
./data/gct/csv/mapped/sorted//G23296IL.csv
./data/gct/csv/mapped/sorted//G23340ZN.csv
./data/gct/csv/mapped/sorted//G23345GE.csv
./data/gct/csv/mapped/sorted//G23416CI.csv
./data/gct/csv/mapped/sorted//G23437PF.csv
./data/gct/csv/mapped/sorted//G23484GM.csv
./data/gct/csv/mapped/sorted//G23577TY.csv
./data/gct/csv/mapped/sorted//G23616ZX.csv
./data/gct/csv/mapped/sorted//G23626NI.csv
./data/gct/csv/mapped/sorted//G23661JI.csv
./data/gct/csv/mapped/sorted//G23695IQ.csv
./data/gct/csv/mapped/sorted//G23718VU.csv
./data/gct/csv/mapped/sorted//G23722TU.csv
./data/gct/csv/mapped/sorted//G23817OE.csv
./data/gct/csv/mapped/sorted//G23824AT.csv
./data/gct/csv/mapped/sorted//G23901NY.csv
./data/gct/csv/mapped/sorted//G23980PE.csv
./data/gct/csv/mapped/sorted//G24005JZ.csv
./data/gct/csv/mapped/sorted//G24068UY.csv
./data/gct/csv/mapped/sorted//G24131KD.csv
./data/gct/csv/mapped/sorted//G24132CP.csv
./data/gct/csv/mapped/sorted//G24202BK.csv
./data/gct/csv/mapped/sorted//G24329OK.csv
./data/gct/csv/mapped/sorted//G24366XJ.csv
./data/gct/csv/mapped/sorted//G24413UY.csv
./data/gct/csv/mapped/sorted//G24432GW.csv
./data/gct/csv/mapped/sorted//G24440EI.csv
./data/gct/csv/mapped/sorted//G24498DI.csv
./data/gct/csv/mapped/sorted//G24501HF.csv
./data/gct/csv/mapped/sorted//G24511TX.csv
./data/gct/csv/mapped/sorted//G24585JV.csv
./data/gct/csv/mapped/sorted//G24599MW.csv
./data/gct/csv/mapped/sorted//G24604HV.csv
./data/gct/csv/mapped/sorted//G24668UI.csv
./data/gct/csv/mapped/sorted//G24705DL.csv
./data/gct/csv/mapped/sorted//G24748QU.csv
./data/gct/csv/mapped/sorted//G24769QK.csv
./data/gct/csv/mapped/sorted//G24811FP.csv
./data/gct/csv/mapped/sorted//G24812WY.csv
./data/gct/csv/mapped/sorted//G24870CO.csv
./data/gct/csv/mapped/sorted//G24897QX.csv
./data/gct/csv/mapped/sorted//G24954RW.csv
./data/gct/csv/mapped/sorted//G25067TK.csv
./data/gct/csv/mapped/sorted//G25180HQ.csv
./data/gct/csv/mapped/sorted//G25328BM.csv
./data/gct/csv/mapped/sorted//G25350TT.csv
./data/gct/csv/mapped/sorted//G25386IJ.csv
./data/gct/csv/mapped/sorted//G25392ZR.csv
./data/gct/csv/mapped/sorted//G25423CA.csv
./data/gct/csv/mapped/sorted//G25495RY.csv
./data/gct/csv/mapped/sorted//G25520XG.csv
./data/gct/csv/mapped/sorted//G25534RX.csv
./data/gct/csv/mapped/sorted//G25703UN.csv
./data/gct/csv/mapped/sorted//G25713RA.csv
./data/gct/csv/mapped/sorted//G25835MT.csv
./data/gct/csv/mapped/sorted//G25837HW.csv
./data/gct/csv/mapped/sorted//G25890BU.csv
./data/gct/csv/mapped/sorted//G25902AL.csv
./data/gct/csv/mapped/sorted//G26014MK.csv
./data/gct/csv/mapped/sorted//G26076FX.csv
./data/gct/csv/mapped/sorted//G26144DH.csv
./data/gct/csv/mapped/sorted//G26164VG.csv
./data/gct/csv/mapped/sorted//G26267FS.csv
./data/gct/csv/mapped/sorted//G26335RK.csv
./data/gct/csv/mapped/sorted//G26371XR.csv
./data/gct/csv/mapped/sorted//G26394UA.csv
./data/gct/csv/mapped/sorted//G26421QW.csv
./data/gct/csv/mapped/sorted//G26624YG.csv
./data/gct/csv/mapped/sorted//G26684GN.csv
./data/gct/csv/mapped/sorted//G26730QM.csv
./data/gct/csv/mapped/sorted//G26777RD.csv
./data/gct/csv/mapped/sorted//G26877ST.csv
./data/gct/csv/mapped/sorted//G26896YH.csv
./data/gct/csv/mapped/sorted//G26935KA.csv
./data/gct/csv/mapped/sorted//G26939ZY.csv
./data/gct/csv/mapped/sorted//G27040MJ.csv
./data/gct/csv/mapped/sorted//G27102CT.csv
./data/gct/csv/mapped/sorted//G27122CE.csv
./data/gct/csv/mapped/sorted//G27165KO.csv
./data/gct/csv/mapped/sorted//G27290LL.csv
./data/gct/csv/mapped/sorted//G27310MQ.csv
./data/gct/csv/mapped/sorted//G27561QX.csv
./data/gct/csv/mapped/sorted//G27669RW.csv
./data/gct/csv/mapped/sorted//G27844UM.csv
./data/gct/csv/mapped/sorted//G27874QL.csv
./data/gct/csv/mapped/sorted//G27919IH.csv
./data/gct/csv/mapped/sorted//G27929ZE.csv
./data/gct/csv/mapped/sorted//G27983PC.csv
./data/gct/csv/mapped/sorted//G28003YJ.csv
./data/gct/csv/mapped/sorted//G28128KH.csv
./data/gct/csv/mapped/sorted//G28156XV.csv
./data/gct/csv/mapped/sorted//G28330DZ.csv
./data/gct/csv/mapped/sorted//G28347RJ.csv
./data/gct/csv/mapped/sorted//G28362DW.csv
./data/gct/csv/mapped/sorted//G28387ZC.csv
./data/gct/csv/mapped/sorted//G28436VD.csv
./data/gct/csv/mapped/sorted//G28459KM.csv
./data/gct/csv/mapped/sorted//G28536BG.csv
./data/gct/csv/mapped/sorted//G28659UB.csv
./data/gct/csv/mapped/sorted//G28663KH.csv
./data/gct/csv/mapped/sorted//G28723UT.csv
./data/gct/csv/mapped/sorted//G28896CL.csv
./data/gct/csv/mapped/sorted//G28948UC.csv
./data/gct/csv/mapped/sorted//G28962GO.csv
./data/gct/csv/mapped/sorted//G29011JC.csv
./data/gct/csv/mapped/sorted//G29024OJ.csv
./data/gct/csv/mapped/sorted//G29109PM.csv
./data/gct/csv/mapped/sorted//G29130SY.csv
./data/gct/csv/mapped/sorted//G29228MX.csv
./data/gct/csv/mapped/sorted//G29271US.csv
./data/gct/csv/mapped/sorted//G29377XJ.csv
./data/gct/csv/mapped/sorted//G29461HI.csv
./data/gct/csv/mapped/sorted//G29500SJ.csv
./data/gct/csv/mapped/sorted//G29539MT.csv
./data/gct/csv/mapped/sorted//G29574TI.csv
./data/gct/csv/mapped/sorted//G29676WX.csv
./data/gct/csv/mapped/sorted//G29695SR.csv
./data/gct/csv/mapped/sorted//G29721UX.csv
./data/gct/csv/mapped/sorted//G29764SO.csv
./data/gct/csv/mapped/sorted//G29783JJ.csv
./data/gct/csv/mapped/sorted//G29850BY.csv
./data/gct/csv/mapped/sorted//G29857RC.csv
./data/gct/csv/mapped/sorted//G29884LW.csv
./data/gct/csv/mapped/sorted//G29895JE.csv
./data/gct/csv/mapped/sorted//G29905OR.csv
./data/gct/csv/mapped/sorted//G29972ZX.csv
./data/gct/csv/mapped/sorted//G30048DT.csv
./data/gct/csv/mapped/sorted//G30062BR.csv
./data/gct/csv/mapped/sorted//G30084YQ.csv
./data/gct/csv/mapped/sorted//G30109UP.csv
./data/gct/csv/mapped/sorted//G30159WR.csv
./data/gct/csv/mapped/sorted//G30309QX.csv
./data/gct/csv/mapped/sorted//G30439IP.csv
./data/gct/csv/mapped/sorted//G30460NZ.csv
./data/gct/csv/mapped/sorted//G30529FG.csv
./data/gct/csv/mapped/sorted//G30542PN.csv
./data/gct/csv/mapped/sorted//G30617IL.csv
./data/gct/csv/mapped/sorted//G30618VC.csv
./data/gct/csv/mapped/sorted//G30633FJ.csv
./data/gct/csv/mapped/sorted//G30797DS.csv
./data/gct/csv/mapped/sorted//G30838QM.csv
./data/gct/csv/mapped/sorted//G30857WQ.csv
./data/gct/csv/mapped/sorted//G30915AU.csv
./data/gct/csv/mapped/sorted//G30939HN.csv
./data/gct/csv/mapped/sorted//G31021LA.csv
./data/gct/csv/mapped/sorted//G31032XG.csv
./data/gct/csv/mapped/sorted//G31118FR.csv
./data/gct/csv/mapped/sorted//G31153XO.csv
./data/gct/csv/mapped/sorted//G31186LT.csv
./data/gct/csv/mapped/sorted//G31254TP.csv
./data/gct/csv/mapped/sorted//G31341PC.csv
./data/gct/csv/mapped/sorted//G31372JR.csv
./data/gct/csv/mapped/sorted//G31429YW.csv
./data/gct/csv/mapped/sorted//G31438WA.csv
./data/gct/csv/mapped/sorted//G31515BE.csv
./data/gct/csv/mapped/sorted//G31532GK.csv
./data/gct/csv/mapped/sorted//G31606TH.csv
./data/gct/csv/mapped/sorted//G31618AH.csv
./data/gct/csv/mapped/sorted//G31627MW.csv
./data/gct/csv/mapped/sorted//G31720WP.csv
./data/gct/csv/mapped/sorted//G31822CM.csv
./data/gct/csv/mapped/sorted//G31838XA.csv
./data/gct/csv/mapped/sorted//G31865AG.csv
./data/gct/csv/mapped/sorted//G31991IV.csv
./data/gct/csv/mapped/sorted//G31993QW.csv
./data/gct/csv/mapped/sorted//G32104JU.csv
./data/gct/csv/mapped/sorted//G32241HI.csv
./data/gct/csv/mapped/sorted//G32246SI.csv
./data/gct/csv/mapped/sorted//G32364DF.csv
./data/gct/csv/mapped/sorted//G32483HZ.csv
./data/gct/csv/mapped/sorted//G32592IB.csv
./data/gct/csv/mapped/sorted//G32659RY.csv
./data/gct/csv/mapped/sorted//G32671AN.csv
./data/gct/csv/mapped/sorted//G32746QI.csv
./data/gct/csv/mapped/sorted//G32854GF.csv
./data/gct/csv/mapped/sorted//G32974DS.csv
./data/gct/csv/mapped/sorted//G33019PZ.csv
./data/gct/csv/mapped/sorted//G33150PJ.csv
./data/gct/csv/mapped/sorted//G33241WC.csv
./data/gct/csv/mapped/sorted//G33262YZ.csv
./data/gct/csv/mapped/sorted//G33269XL.csv
./data/gct/csv/mapped/sorted//G33284WZ.csv
./data/gct/csv/mapped/sorted//G33320JS.csv
./data/gct/csv/mapped/sorted//G33370EK.csv
./data/gct/csv/mapped/sorted//G33438CM.csv
./data/gct/csv/mapped/sorted//G33522ME.csv
./data/gct/csv/mapped/sorted//G33608TH.csv
./data/gct/csv/mapped/sorted//G33671BL.csv
./data/gct/csv/mapped/sorted//G33685ZQ.csv
./data/gct/csv/mapped/sorted//G33734YD.csv
./data/gct/csv/mapped/sorted//G33780DA.csv
./data/gct/csv/mapped/sorted//G33785ND.csv
./data/gct/csv/mapped/sorted//G33841EB.csv
./data/gct/csv/mapped/sorted//G33842PB.csv
./data/gct/csv/mapped/sorted//G33876UV.csv
./data/gct/csv/mapped/sorted//G33947BV.csv
./data/gct/csv/mapped/sorted//G33981FE.csv
./data/gct/csv/mapped/sorted//G34306IB.csv
./data/gct/csv/mapped/sorted//G34314SG.csv
./data/gct/csv/mapped/sorted//G34499SX.csv
./data/gct/csv/mapped/sorted//G34527RW.csv
./data/gct/csv/mapped/sorted//G34582DB.csv
./data/gct/csv/mapped/sorted//G34595KJ.csv
./data/gct/csv/mapped/sorted//G34754UR.csv
./data/gct/csv/mapped/sorted//G34946TH.csv
./data/gct/csv/mapped/sorted//G35061TJ.csv
./data/gct/csv/mapped/sorted//G35150SV.csv
./data/gct/csv/mapped/sorted//G35211AB.csv
./data/gct/csv/mapped/sorted//G35231LE.csv
./data/gct/csv/mapped/sorted//G35242IF.csv
./data/gct/csv/mapped/sorted//G35257SQ.csv
./data/gct/csv/mapped/sorted//G35364KM.csv
./data/gct/csv/mapped/sorted//G35429JB.csv
./data/gct/csv/mapped/sorted//G35484EX.csv
./data/gct/csv/mapped/sorted//G35599NO.csv
./data/gct/csv/mapped/sorted//G35619UY.csv
./data/gct/csv/mapped/sorted//G35687VS.csv
./data/gct/csv/mapped/sorted//G35722YG.csv
./data/gct/csv/mapped/sorted//G35734AU.csv
./data/gct/csv/mapped/sorted//G35747ZX.csv
./data/gct/csv/mapped/sorted//G35798GO.csv
./data/gct/csv/mapped/sorted//G35808UX.csv
./data/gct/csv/mapped/sorted//G35823EX.csv
./data/gct/csv/mapped/sorted//G35837ET.csv
./data/gct/csv/mapped/sorted//G35952BG.csv
./data/gct/csv/mapped/sorted//G36004BS.csv
./data/gct/csv/mapped/sorted//G36042WR.csv
./data/gct/csv/mapped/sorted//G36053YX.csv
./data/gct/csv/mapped/sorted//G36118RA.csv
./data/gct/csv/mapped/sorted//G36131WL.csv
./data/gct/csv/mapped/sorted//G36134VO.csv
./data/gct/csv/mapped/sorted//G36167NI.csv
./data/gct/csv/mapped/sorted//G36171JA.csv
./data/gct/csv/mapped/sorted//G36191CD.csv
./data/gct/csv/mapped/sorted//G36211GH.csv
./data/gct/csv/mapped/sorted//G36221RT.csv
./data/gct/csv/mapped/sorted//G36225RM.csv
./data/gct/csv/mapped/sorted//G36306KM.csv
./data/gct/csv/mapped/sorted//G36362BK.csv
./data/gct/csv/mapped/sorted//G36437LH.csv
./data/gct/csv/mapped/sorted//G36523TZ.csv
./data/gct/csv/mapped/sorted//G36581MF.csv
./data/gct/csv/mapped/sorted//G36747XY.csv
./data/gct/csv/mapped/sorted//G36859SD.csv
./data/gct/csv/mapped/sorted//G36898CO.csv
./data/gct/csv/mapped/sorted//G36909MR.csv
./data/gct/csv/mapped/sorted//G36960FP.csv
./data/gct/csv/mapped/sorted//G36966DH.csv
./data/gct/csv/mapped/sorted//G36977EW.csv
./data/gct/csv/mapped/sorted//G37135JQ.csv
./data/gct/csv/mapped/sorted//G37166HP.csv
./data/gct/csv/mapped/sorted//G37260FV.csv
./data/gct/csv/mapped/sorted//G37276TY.csv
./data/gct/csv/mapped/sorted//G37304XT.csv
./data/gct/csv/mapped/sorted//G37306TB.csv
./data/gct/csv/mapped/sorted//G37320GX.csv
./data/gct/csv/mapped/sorted//G37552GO.csv
./data/gct/csv/mapped/sorted//G37588ZB.csv
./data/gct/csv/mapped/sorted//G37591JC.csv
./data/gct/csv/mapped/sorted//G37601IJ.csv
./data/gct/csv/mapped/sorted//G37626XQ.csv
./data/gct/csv/mapped/sorted//G37745NY.csv
./data/gct/csv/mapped/sorted//G37827FY.csv
./data/gct/csv/mapped/sorted//G37868ZX.csv
./data/gct/csv/mapped/sorted//G37986HU.csv
./data/gct/csv/mapped/sorted//G38022PE.csv
./data/gct/csv/mapped/sorted//G38047QV.csv
./data/gct/csv/mapped/sorted//G38217AM.csv
./data/gct/csv/mapped/sorted//G38249IZ.csv
./data/gct/csv/mapped/sorted//G38267IW.csv
./data/gct/csv/mapped/sorted//G38297TU.csv
./data/gct/csv/mapped/sorted//G38349VC.csv
./data/gct/csv/mapped/sorted//G38362AS.csv
./data/gct/csv/mapped/sorted//G38371WW.csv
./data/gct/csv/mapped/sorted//G38404PP.csv
./data/gct/csv/mapped/sorted//G38473PC.csv
./data/gct/csv/mapped/sorted//G38586WN.csv
./data/gct/csv/mapped/sorted//G38638WU.csv
./data/gct/csv/mapped/sorted//G38658JL.csv
./data/gct/csv/mapped/sorted//G38753OV.csv
./data/gct/csv/mapped/sorted//G38756OC.csv
./data/gct/csv/mapped/sorted//G38849GM.csv
./data/gct/csv/mapped/sorted//G38909RH.csv
./data/gct/csv/mapped/sorted//G38946SH.csv
./data/gct/csv/mapped/sorted//G38997JB.csv
./data/gct/csv/mapped/sorted//G39062YR.csv
./data/gct/csv/mapped/sorted//G39172SO.csv
./data/gct/csv/mapped/sorted//G39213VZ.csv
./data/gct/csv/mapped/sorted//G39229GR.csv
./data/gct/csv/mapped/sorted//G39299DH.csv
./data/gct/csv/mapped/sorted//G39397SW.csv
./data/gct/csv/mapped/sorted//G39431MA.csv
./data/gct/csv/mapped/sorted//G39437XQ.csv
./data/gct/csv/mapped/sorted//G39452ZZ.csv
./data/gct/csv/mapped/sorted//G39478RR.csv
./data/gct/csv/mapped/sorted//G39531LA.csv
./data/gct/csv/mapped/sorted//G39540XG.csv
./data/gct/csv/mapped/sorted//G39567LQ.csv
./data/gct/csv/mapped/sorted//G39600NF.csv
./data/gct/csv/mapped/sorted//G39602UU.csv
./data/gct/csv/mapped/sorted//G39617JJ.csv
./data/gct/csv/mapped/sorted//G39764AC.csv
./data/gct/csv/mapped/sorted//G39794DN.csv
./data/gct/csv/mapped/sorted//G39809FW.csv
./data/gct/csv/mapped/sorted//G39841VH.csv
./data/gct/csv/mapped/sorted//G39893KL.csv
./data/gct/csv/mapped/sorted//G39917RN.csv
./data/gct/csv/mapped/sorted//G39943KJ.csv
./data/gct/csv/mapped/sorted//G39945EK.csv
./data/gct/csv/mapped/sorted//G39952PY.csv
./data/gct/csv/mapped/sorted//G39992DR.csv
./data/gct/csv/mapped/sorted//G40012WS.csv
./data/gct/csv/mapped/sorted//G40027VO.csv
./data/gct/csv/mapped/sorted//G40065EM.csv
./data/gct/csv/mapped/sorted//G40124HY.csv
./data/gct/csv/mapped/sorted//G40194MN.csv
./data/gct/csv/mapped/sorted//G40198OD.csv
./data/gct/csv/mapped/sorted//G40200RC.csv
./data/gct/csv/mapped/sorted//G40268BC.csv
./data/gct/csv/mapped/sorted//G40343KH.csv
./data/gct/csv/mapped/sorted//G40428GO.csv
./data/gct/csv/mapped/sorted//G40452FK.csv
./data/gct/csv/mapped/sorted//G40482NA.csv
./data/gct/csv/mapped/sorted//G40490KT.csv
./data/gct/csv/mapped/sorted//G40554DX.csv
./data/gct/csv/mapped/sorted//G40608DF.csv
./data/gct/csv/mapped/sorted//G40702WU.csv
./data/gct/csv/mapped/sorted//G40786FB.csv
./data/gct/csv/mapped/sorted//G40900UQ.csv
./data/gct/csv/mapped/sorted//G40906DZ.csv
./data/gct/csv/mapped/sorted//G40915GX.csv
./data/gct/csv/mapped/sorted//G41304KE.csv
./data/gct/csv/mapped/sorted//G41331JX.csv
./data/gct/csv/mapped/sorted//G41405QQ.csv
./data/gct/csv/mapped/sorted//G41510DX.csv
./data/gct/csv/mapped/sorted//G41576FY.csv
./data/gct/csv/mapped/sorted//G41708PN.csv
./data/gct/csv/mapped/sorted//G41742IZ.csv
./data/gct/csv/mapped/sorted//G41800OU.csv
./data/gct/csv/mapped/sorted//G41817BL.csv
./data/gct/csv/mapped/sorted//G41821MR.csv
./data/gct/csv/mapped/sorted//G41824PC.csv
./data/gct/csv/mapped/sorted//G41865ZJ.csv
./data/gct/csv/mapped/sorted//G41912CL.csv
./data/gct/csv/mapped/sorted//G41937ED.csv
./data/gct/csv/mapped/sorted//G41981MA.csv
./data/gct/csv/mapped/sorted//G42039DE.csv
./data/gct/csv/mapped/sorted//G42081JA.csv
./data/gct/csv/mapped/sorted//G42264OV.csv
./data/gct/csv/mapped/sorted//G42295MA.csv
./data/gct/csv/mapped/sorted//G42358LZ.csv
./data/gct/csv/mapped/sorted//G42380GI.csv
./data/gct/csv/mapped/sorted//G42440OJ.csv
./data/gct/csv/mapped/sorted//G42493LZ.csv
./data/gct/csv/mapped/sorted//G42504VW.csv
./data/gct/csv/mapped/sorted//G42525DE.csv
./data/gct/csv/mapped/sorted//G42600SB.csv
./data/gct/csv/mapped/sorted//G42614NV.csv
./data/gct/csv/mapped/sorted//G42653GO.csv
./data/gct/csv/mapped/sorted//G42674LI.csv
./data/gct/csv/mapped/sorted//G42679AH.csv
./data/gct/csv/mapped/sorted//G42680EX.csv
./data/gct/csv/mapped/sorted//G42686NQ.csv
./data/gct/csv/mapped/sorted//G42735RP.csv
./data/gct/csv/mapped/sorted//G42824AQ.csv
./data/gct/csv/mapped/sorted//G42826YI.csv
./data/gct/csv/mapped/sorted//G42832NT.csv
./data/gct/csv/mapped/sorted//G42846BO.csv
./data/gct/csv/mapped/sorted//G42862VU.csv
./data/gct/csv/mapped/sorted//G43131ZX.csv
./data/gct/csv/mapped/sorted//G43157UW.csv
./data/gct/csv/mapped/sorted//G43159MH.csv
./data/gct/csv/mapped/sorted//G43299SD.csv
./data/gct/csv/mapped/sorted//G43346PX.csv
./data/gct/csv/mapped/sorted//G43402RG.csv
./data/gct/csv/mapped/sorted//G43499QE.csv
./data/gct/csv/mapped/sorted//G43526DL.csv
./data/gct/csv/mapped/sorted//G43547MI.csv
./data/gct/csv/mapped/sorted//G43549OX.csv
./data/gct/csv/mapped/sorted//G43553YK.csv
./data/gct/csv/mapped/sorted//G43558RC.csv
./data/gct/csv/mapped/sorted//G43648DB.csv
./data/gct/csv/mapped/sorted//G43660IT.csv
./data/gct/csv/mapped/sorted//G43664YB.csv
./data/gct/csv/mapped/sorted//G43665PB.csv
./data/gct/csv/mapped/sorted//G43694RQ.csv
./data/gct/csv/mapped/sorted//G43753QH.csv
./data/gct/csv/mapped/sorted//G43761WH.csv
./data/gct/csv/mapped/sorted//G43814TV.csv
./data/gct/csv/mapped/sorted//G43832DJ.csv
./data/gct/csv/mapped/sorted//G43873MM.csv
./data/gct/csv/mapped/sorted//G43947VZ.csv
./data/gct/csv/mapped/sorted//G43953LS.csv
./data/gct/csv/mapped/sorted//G43984TE.csv
./data/gct/csv/mapped/sorted//G44046WQ.csv
./data/gct/csv/mapped/sorted//G44121LY.csv
./data/gct/csv/mapped/sorted//G44264DI.csv
./data/gct/csv/mapped/sorted//G44276EF.csv
./data/gct/csv/mapped/sorted//G44339YF.csv
./data/gct/csv/mapped/sorted//G44364RM.csv
./data/gct/csv/mapped/sorted//G44369QM.csv
./data/gct/csv/mapped/sorted//G44413JJ.csv
./data/gct/csv/mapped/sorted//G44444MB.csv
./data/gct/csv/mapped/sorted//G44533KV.csv
./data/gct/csv/mapped/sorted//G44541JO.csv
./data/gct/csv/mapped/sorted//G44572NU.csv
./data/gct/csv/mapped/sorted//G44576HQ.csv
./data/gct/csv/mapped/sorted//G44623TX.csv
./data/gct/csv/mapped/sorted//G44639PM.csv
./data/gct/csv/mapped/sorted//G44659VQ.csv
./data/gct/csv/mapped/sorted//G44688UB.csv
./data/gct/csv/mapped/sorted//G44747CU.csv
./data/gct/csv/mapped/sorted//G44754DF.csv
./data/gct/csv/mapped/sorted//G44770ZI.csv
./data/gct/csv/mapped/sorted//G44825QL.csv
./data/gct/csv/mapped/sorted//G44826KU.csv
./data/gct/csv/mapped/sorted//G44842OK.csv
./data/gct/csv/mapped/sorted//G44865OQ.csv
./data/gct/csv/mapped/sorted//G44905SX.csv
./data/gct/csv/mapped/sorted//G45036WQ.csv
./data/gct/csv/mapped/sorted//G45045RU.csv
./data/gct/csv/mapped/sorted//G45071EF.csv
./data/gct/csv/mapped/sorted//G45104SZ.csv
./data/gct/csv/mapped/sorted//G45116BB.csv
./data/gct/csv/mapped/sorted//G45187EI.csv
./data/gct/csv/mapped/sorted//G45238KD.csv
./data/gct/csv/mapped/sorted//G45256SO.csv
./data/gct/csv/mapped/sorted//G45359RY.csv
./data/gct/csv/mapped/sorted//G45420PL.csv
./data/gct/csv/mapped/sorted//G45495MK.csv
./data/gct/csv/mapped/sorted//G45498YC.csv
./data/gct/csv/mapped/sorted//G45533OY.csv
./data/gct/csv/mapped/sorted//G45560HM.csv
./data/gct/csv/mapped/sorted//G45598BE.csv
./data/gct/csv/mapped/sorted//G45700OA.csv
./data/gct/csv/mapped/sorted//G45776ET.csv
./data/gct/csv/mapped/sorted//G45777DE.csv
./data/gct/csv/mapped/sorted//G45826PJ.csv
./data/gct/csv/mapped/sorted//G45841FE.csv
./data/gct/csv/mapped/sorted//G45844BS.csv
./data/gct/csv/mapped/sorted//G45888VL.csv
./data/gct/csv/mapped/sorted//G45889JQ.csv
./data/gct/csv/mapped/sorted//G45995IV.csv
./data/gct/csv/mapped/sorted//G45996VR.csv
./data/gct/csv/mapped/sorted//G45997JW.csv
./data/gct/csv/mapped/sorted//G46038XL.csv
./data/gct/csv/mapped/sorted//G46107JU.csv
./data/gct/csv/mapped/sorted//G46185ND.csv
./data/gct/csv/mapped/sorted//G46387UV.csv
./data/gct/csv/mapped/sorted//G46406BL.csv
./data/gct/csv/mapped/sorted//G46455GO.csv
./data/gct/csv/mapped/sorted//G46568MX.csv
./data/gct/csv/mapped/sorted//G46720ZO.csv
./data/gct/csv/mapped/sorted//G46754UW.csv
./data/gct/csv/mapped/sorted//G46759WS.csv
./data/gct/csv/mapped/sorted//G46763GM.csv
./data/gct/csv/mapped/sorted//G46768QH.csv
./data/gct/csv/mapped/sorted//G46836GH.csv
./data/gct/csv/mapped/sorted//G46923KZ.csv
./data/gct/csv/mapped/sorted//G46945LQ.csv
./data/gct/csv/mapped/sorted//G46991EQ.csv
./data/gct/csv/mapped/sorted//G47007PV.csv
./data/gct/csv/mapped/sorted//G47058MH.csv
./data/gct/csv/mapped/sorted//G47108UC.csv
./data/gct/csv/mapped/sorted//G47175EF.csv
./data/gct/csv/mapped/sorted//G47206MY.csv
./data/gct/csv/mapped/sorted//G47252EW.csv
./data/gct/csv/mapped/sorted//G47253OG.csv
./data/gct/csv/mapped/sorted//G47279LF.csv
./data/gct/csv/mapped/sorted//G47299BP.csv
./data/gct/csv/mapped/sorted//G47407FC.csv
./data/gct/csv/mapped/sorted//G47427YD.csv
./data/gct/csv/mapped/sorted//G47498FQ.csv
./data/gct/csv/mapped/sorted//G47531XE.csv
./data/gct/csv/mapped/sorted//G47606XQ.csv
./data/gct/csv/mapped/sorted//G47613FH.csv
./data/gct/csv/mapped/sorted//G47675LW.csv
./data/gct/csv/mapped/sorted//G47741BL.csv
./data/gct/csv/mapped/sorted//G47760VS.csv
./data/gct/csv/mapped/sorted//G47809KW.csv
./data/gct/csv/mapped/sorted//G47816DI.csv
./data/gct/csv/mapped/sorted//G47866EC.csv
./data/gct/csv/mapped/sorted//G47909JD.csv
./data/gct/csv/mapped/sorted//G47936PQ.csv
./data/gct/csv/mapped/sorted//G47961DI.csv
./data/gct/csv/mapped/sorted//G47975JA.csv
./data/gct/csv/mapped/sorted//G48020LQ.csv
./data/gct/csv/mapped/sorted//G48040FY.csv
./data/gct/csv/mapped/sorted//G48109OV.csv
./data/gct/csv/mapped/sorted//G48185FI.csv
./data/gct/csv/mapped/sorted//G48213MO.csv
./data/gct/csv/mapped/sorted//G48381WH.csv
./data/gct/csv/mapped/sorted//G48409OW.csv
./data/gct/csv/mapped/sorted//G48421GV.csv
./data/gct/csv/mapped/sorted//G48442VP.csv
./data/gct/csv/mapped/sorted//G48489PM.csv
./data/gct/csv/mapped/sorted//G48527XN.csv
./data/gct/csv/mapped/sorted//G48626HI.csv
./data/gct/csv/mapped/sorted//G48648VZ.csv
./data/gct/csv/mapped/sorted//G48712ZJ.csv
./data/gct/csv/mapped/sorted//G48713OY.csv
./data/gct/csv/mapped/sorted//G48787LE.csv
./data/gct/csv/mapped/sorted//G48809ZO.csv
./data/gct/csv/mapped/sorted//G48822BJ.csv
./data/gct/csv/mapped/sorted//G48848IF.csv
./data/gct/csv/mapped/sorted//G48975GN.csv
./data/gct/csv/mapped/sorted//G49043NO.csv
./data/gct/csv/mapped/sorted//G49084JY.csv
./data/gct/csv/mapped/sorted//G49168NM.csv
./data/gct/csv/mapped/sorted//G49225WK.csv
./data/gct/csv/mapped/sorted//G49282JI.csv
./data/gct/csv/mapped/sorted//G49305IN.csv
./data/gct/csv/mapped/sorted//G49369WH.csv
./data/gct/csv/mapped/sorted//G49401CB.csv
./data/gct/csv/mapped/sorted//G49440XK.csv
./data/gct/csv/mapped/sorted//G49446SO.csv
./data/gct/csv/mapped/sorted//G49467LT.csv
./data/gct/csv/mapped/sorted//G49478NM.csv
./data/gct/csv/mapped/sorted//G49503QY.csv
./data/gct/csv/mapped/sorted//G49616WZ.csv
./data/gct/csv/mapped/sorted//G49664YG.csv
./data/gct/csv/mapped/sorted//G49743VF.csv
./data/gct/csv/mapped/sorted//G49889OJ.csv
./data/gct/csv/mapped/sorted//G49935CA.csv
./data/gct/csv/mapped/sorted//G49991UY.csv
./data/gct/csv/mapped/sorted//G50076JD.csv
./data/gct/csv/mapped/sorted//G50106JX.csv
./data/gct/csv/mapped/sorted//G50112PT.csv
./data/gct/csv/mapped/sorted//G50131RA.csv
./data/gct/csv/mapped/sorted//G50210FA.csv
./data/gct/csv/mapped/sorted//G50211SY.csv
./data/gct/csv/mapped/sorted//G50216QG.csv
./data/gct/csv/mapped/sorted//G50353PP.csv
./data/gct/csv/mapped/sorted//G50489VC.csv
./data/gct/csv/mapped/sorted//G50507PS.csv
./data/gct/csv/mapped/sorted//G50508SG.csv
./data/gct/csv/mapped/sorted//G50531NJ.csv
./data/gct/csv/mapped/sorted//G50535IT.csv
./data/gct/csv/mapped/sorted//G50660UT.csv
./data/gct/csv/mapped/sorted//G50707YR.csv
./data/gct/csv/mapped/sorted//G50739NP.csv
./data/gct/csv/mapped/sorted//G50779LX.csv
./data/gct/csv/mapped/sorted//G50888WV.csv
./data/gct/csv/mapped/sorted//G50903RY.csv
./data/gct/csv/mapped/sorted//G51057KO.csv
./data/gct/csv/mapped/sorted//G51098AA.csv
./data/gct/csv/mapped/sorted//G51177EP.csv
./data/gct/csv/mapped/sorted//G51333KM.csv
./data/gct/csv/mapped/sorted//G51367TM.csv
./data/gct/csv/mapped/sorted//G51369CD.csv
./data/gct/csv/mapped/sorted//G51444LH.csv
./data/gct/csv/mapped/sorted//G51471ON.csv
./data/gct/csv/mapped/sorted//G51472TJ.csv
./data/gct/csv/mapped/sorted//G51497BL.csv
./data/gct/csv/mapped/sorted//G51562OR.csv
./data/gct/csv/mapped/sorted//G51623PN.csv
./data/gct/csv/mapped/sorted//G51654CU.csv
./data/gct/csv/mapped/sorted//G51699IR.csv
./data/gct/csv/mapped/sorted//G51705EB.csv
./data/gct/csv/mapped/sorted//G51793MY.csv
./data/gct/csv/mapped/sorted//G51891DI.csv
./data/gct/csv/mapped/sorted//G51896IF.csv
./data/gct/csv/mapped/sorted//G51921XC.csv
./data/gct/csv/mapped/sorted//G51930XP.csv
./data/gct/csv/mapped/sorted//G51941GC.csv
./data/gct/csv/mapped/sorted//G52003QG.csv
./data/gct/csv/mapped/sorted//G52038JM.csv
./data/gct/csv/mapped/sorted//G52080WL.csv
./data/gct/csv/mapped/sorted//G52112MC.csv
./data/gct/csv/mapped/sorted//G52126RR.csv
./data/gct/csv/mapped/sorted//G52286UI.csv
./data/gct/csv/mapped/sorted//G52358FD.csv
./data/gct/csv/mapped/sorted//G52428MJ.csv
./data/gct/csv/mapped/sorted//G52603AI.csv
./data/gct/csv/mapped/sorted//G52622SW.csv
./data/gct/csv/mapped/sorted//G52676LZ.csv
./data/gct/csv/mapped/sorted//G52724WY.csv
./data/gct/csv/mapped/sorted//G52776UT.csv
./data/gct/csv/mapped/sorted//G52782YT.csv
./data/gct/csv/mapped/sorted//G52880ZN.csv
./data/gct/csv/mapped/sorted//G52886CK.csv
./data/gct/csv/mapped/sorted//G52934AK.csv
./data/gct/csv/mapped/sorted//G52971DE.csv
./data/gct/csv/mapped/sorted//G53031JB.csv
./data/gct/csv/mapped/sorted//G53096UD.csv
./data/gct/csv/mapped/sorted//G53168IY.csv
./data/gct/csv/mapped/sorted//G53272SL.csv
./data/gct/csv/mapped/sorted//G53276NK.csv
./data/gct/csv/mapped/sorted//G53322JT.csv
./data/gct/csv/mapped/sorted//G53394BX.csv
./data/gct/csv/mapped/sorted//G53450AF.csv
./data/gct/csv/mapped/sorted//G53492UE.csv
./data/gct/csv/mapped/sorted//G53582JE.csv
./data/gct/csv/mapped/sorted//G53604QR.csv
./data/gct/csv/mapped/sorted//G53667CH.csv
./data/gct/csv/mapped/sorted//G53725UB.csv
./data/gct/csv/mapped/sorted//G53752TA.csv
./data/gct/csv/mapped/sorted//G53800MQ.csv
./data/gct/csv/mapped/sorted//G53809CJ.csv
./data/gct/csv/mapped/sorted//G53817FJ.csv
./data/gct/csv/mapped/sorted//G53854XZ.csv
./data/gct/csv/mapped/sorted//G53933HU.csv
./data/gct/csv/mapped/sorted//G53962WT.csv
./data/gct/csv/mapped/sorted//G53965RU.csv
./data/gct/csv/mapped/sorted//G53985AY.csv
./data/gct/csv/mapped/sorted//G54018RP.csv
./data/gct/csv/mapped/sorted//G54059XR.csv
./data/gct/csv/mapped/sorted//G54151YB.csv
./data/gct/csv/mapped/sorted//G54158IT.csv
./data/gct/csv/mapped/sorted//G54258NG.csv
./data/gct/csv/mapped/sorted//G54273KX.csv
./data/gct/csv/mapped/sorted//G54380FJ.csv
./data/gct/csv/mapped/sorted//G54422SY.csv
./data/gct/csv/mapped/sorted//G54499PQ.csv
./data/gct/csv/mapped/sorted//G54505OS.csv
./data/gct/csv/mapped/sorted//G54513OG.csv
./data/gct/csv/mapped/sorted//G54639VI.csv
./data/gct/csv/mapped/sorted//G54652ZD.csv
./data/gct/csv/mapped/sorted//G54682XF.csv
./data/gct/csv/mapped/sorted//G54696PD.csv
./data/gct/csv/mapped/sorted//G54884LT.csv
./data/gct/csv/mapped/sorted//G54904QW.csv
./data/gct/csv/mapped/sorted//G54981BW.csv
./data/gct/csv/mapped/sorted//G55065WV.csv
./data/gct/csv/mapped/sorted//G55220VL.csv
./data/gct/csv/mapped/sorted//G55318GC.csv
./data/gct/csv/mapped/sorted//G55373ZG.csv
./data/gct/csv/mapped/sorted//G55396DW.csv
./data/gct/csv/mapped/sorted//G55504WE.csv
./data/gct/csv/mapped/sorted//G55600PH.csv
./data/gct/csv/mapped/sorted//G55661CO.csv
./data/gct/csv/mapped/sorted//G55781KV.csv
./data/gct/csv/mapped/sorted//G55783TD.csv
./data/gct/csv/mapped/sorted//G55818EE.csv
./data/gct/csv/mapped/sorted//G55867TY.csv
./data/gct/csv/mapped/sorted//G55922CA.csv
./data/gct/csv/mapped/sorted//G56014GC.csv
./data/gct/csv/mapped/sorted//G56069TX.csv
./data/gct/csv/mapped/sorted//G56095ZZ.csv
./data/gct/csv/mapped/sorted//G56175ED.csv
./data/gct/csv/mapped/sorted//G56269EA.csv
./data/gct/csv/mapped/sorted//G56271ML.csv
./data/gct/csv/mapped/sorted//G56271TF.csv
./data/gct/csv/mapped/sorted//G56318NV.csv
./data/gct/csv/mapped/sorted//G56408DR.csv
./data/gct/csv/mapped/sorted//G56499YQ.csv
./data/gct/csv/mapped/sorted//G56501FP.csv
./data/gct/csv/mapped/sorted//G56516KW.csv
./data/gct/csv/mapped/sorted//G56555MU.csv
./data/gct/csv/mapped/sorted//G56653RI.csv
./data/gct/csv/mapped/sorted//G56655CC.csv
./data/gct/csv/mapped/sorted//G56749GV.csv
./data/gct/csv/mapped/sorted//G56791SN.csv
./data/gct/csv/mapped/sorted//G56809XB.csv
./data/gct/csv/mapped/sorted//G56852BX.csv
./data/gct/csv/mapped/sorted//G56876DF.csv
./data/gct/csv/mapped/sorted//G56891ZN.csv
./data/gct/csv/mapped/sorted//G56903ZB.csv
./data/gct/csv/mapped/sorted//G56963QZ.csv
./data/gct/csv/mapped/sorted//G57028QM.csv
./data/gct/csv/mapped/sorted//G57051OG.csv
./data/gct/csv/mapped/sorted//G57075OH.csv
./data/gct/csv/mapped/sorted//G57081YJ.csv
./data/gct/csv/mapped/sorted//G57084IU.csv
./data/gct/csv/mapped/sorted//G57153UY.csv
./data/gct/csv/mapped/sorted//G57267KB.csv
./data/gct/csv/mapped/sorted//G57413FT.csv
./data/gct/csv/mapped/sorted//G57484FV.csv
./data/gct/csv/mapped/sorted//G57504TA.csv
./data/gct/csv/mapped/sorted//G57565TQ.csv
./data/gct/csv/mapped/sorted//G57607BW.csv
./data/gct/csv/mapped/sorted//G57762GE.csv
./data/gct/csv/mapped/sorted//G57774MT.csv
./data/gct/csv/mapped/sorted//G57789QC.csv
./data/gct/csv/mapped/sorted//G57818FI.csv
./data/gct/csv/mapped/sorted//G57835AK.csv
./data/gct/csv/mapped/sorted//G57930PW.csv
./data/gct/csv/mapped/sorted//G57937LQ.csv
./data/gct/csv/mapped/sorted//G57955DP.csv
./data/gct/csv/mapped/sorted//G57997IN.csv
./data/gct/csv/mapped/sorted//G58029XR.csv
./data/gct/csv/mapped/sorted//G58063ME.csv
./data/gct/csv/mapped/sorted//G58111YY.csv
./data/gct/csv/mapped/sorted//G58217PP.csv
./data/gct/csv/mapped/sorted//G58229BR.csv
./data/gct/csv/mapped/sorted//G58232MG.csv
./data/gct/csv/mapped/sorted//G58236FD.csv
./data/gct/csv/mapped/sorted//G58268WC.csv
./data/gct/csv/mapped/sorted//G58338QG.csv
./data/gct/csv/mapped/sorted//G58370UT.csv
./data/gct/csv/mapped/sorted//G58444TO.csv
./data/gct/csv/mapped/sorted//G58481XO.csv
./data/gct/csv/mapped/sorted//G58517TJ.csv
./data/gct/csv/mapped/sorted//G58561KE.csv
./data/gct/csv/mapped/sorted//G58667NI.csv
./data/gct/csv/mapped/sorted//G58746AB.csv
./data/gct/csv/mapped/sorted//G58848QS.csv
./data/gct/csv/mapped/sorted//G58992VJ.csv
./data/gct/csv/mapped/sorted//G59041MP.csv
./data/gct/csv/mapped/sorted//G59149SL.csv
./data/gct/csv/mapped/sorted//G59234CC.csv
./data/gct/csv/mapped/sorted//G59297UK.csv
./data/gct/csv/mapped/sorted//G59311AO.csv
./data/gct/csv/mapped/sorted//G59358BQ.csv
./data/gct/csv/mapped/sorted//G59361OW.csv
./data/gct/csv/mapped/sorted//G59406KS.csv
./data/gct/csv/mapped/sorted//G59471JC.csv
./data/gct/csv/mapped/sorted//G59471TH.csv
./data/gct/csv/mapped/sorted//G59513YA.csv
./data/gct/csv/mapped/sorted//G59532XE.csv
./data/gct/csv/mapped/sorted//G59576IJ.csv
./data/gct/csv/mapped/sorted//G59616TT.csv
./data/gct/csv/mapped/sorted//G59655SA.csv
./data/gct/csv/mapped/sorted//G59742GY.csv
./data/gct/csv/mapped/sorted//G59761EF.csv
./data/gct/csv/mapped/sorted//G59784AY.csv
./data/gct/csv/mapped/sorted//G59804RR.csv
./data/gct/csv/mapped/sorted//G59821FL.csv
./data/gct/csv/mapped/sorted//G59984BF.csv
./data/gct/csv/mapped/sorted//G60012HO.csv
./data/gct/csv/mapped/sorted//G60149QJ.csv
./data/gct/csv/mapped/sorted//G60215UL.csv
./data/gct/csv/mapped/sorted//G60227QI.csv
./data/gct/csv/mapped/sorted//G60230HH.csv
./data/gct/csv/mapped/sorted//G60274JN.csv
./data/gct/csv/mapped/sorted//G60320IS.csv
./data/gct/csv/mapped/sorted//G60330MA.csv
./data/gct/csv/mapped/sorted//G60439QY.csv
./data/gct/csv/mapped/sorted//G60468EV.csv
./data/gct/csv/mapped/sorted//G60496TU.csv
./data/gct/csv/mapped/sorted//G60496YL.csv
./data/gct/csv/mapped/sorted//G60534NQ.csv
./data/gct/csv/mapped/sorted//G60542VK.csv
./data/gct/csv/mapped/sorted//G60653VD.csv
./data/gct/csv/mapped/sorted//G60951JA.csv
./data/gct/csv/mapped/sorted//G60956VN.csv
./data/gct/csv/mapped/sorted//G60963AS.csv
./data/gct/csv/mapped/sorted//G60984DZ.csv
./data/gct/csv/mapped/sorted//G61086WG.csv
./data/gct/csv/mapped/sorted//G61170KL.csv
./data/gct/csv/mapped/sorted//G61207RZ.csv
./data/gct/csv/mapped/sorted//G61283FH.csv
./data/gct/csv/mapped/sorted//G61302NC.csv
./data/gct/csv/mapped/sorted//G61334IA.csv
./data/gct/csv/mapped/sorted//G61457CY.csv
./data/gct/csv/mapped/sorted//G61505ZR.csv
./data/gct/csv/mapped/sorted//G61519GA.csv
./data/gct/csv/mapped/sorted//G61575RT.csv
./data/gct/csv/mapped/sorted//G61601ZZ.csv
./data/gct/csv/mapped/sorted//G61627IG.csv
./data/gct/csv/mapped/sorted//G61706MD.csv
./data/gct/csv/mapped/sorted//G61717JN.csv
./data/gct/csv/mapped/sorted//G61726TP.csv
./data/gct/csv/mapped/sorted//G61751GZ.csv
./data/gct/csv/mapped/sorted//G61792ET.csv
./data/gct/csv/mapped/sorted//G61831UB.csv
./data/gct/csv/mapped/sorted//G61846BY.csv
./data/gct/csv/mapped/sorted//G61866NY.csv
./data/gct/csv/mapped/sorted//G61894MD.csv
./data/gct/csv/mapped/sorted//G61937QU.csv
./data/gct/csv/mapped/sorted//G61941WO.csv
./data/gct/csv/mapped/sorted//G61956VN.csv
./data/gct/csv/mapped/sorted//G62088FQ.csv
./data/gct/csv/mapped/sorted//G62091GQ.csv
./data/gct/csv/mapped/sorted//G62112AO.csv
./data/gct/csv/mapped/sorted//G62165AG.csv
./data/gct/csv/mapped/sorted//G62196IB.csv
./data/gct/csv/mapped/sorted//G62364JZ.csv
./data/gct/csv/mapped/sorted//G62387ZO.csv
./data/gct/csv/mapped/sorted//G62408IZ.csv
./data/gct/csv/mapped/sorted//G62421QL.csv
./data/gct/csv/mapped/sorted//G62464EH.csv
./data/gct/csv/mapped/sorted//G62519IY.csv
./data/gct/csv/mapped/sorted//G62527ZD.csv
./data/gct/csv/mapped/sorted//G62619LG.csv
./data/gct/csv/mapped/sorted//G62746IY.csv
./data/gct/csv/mapped/sorted//G62765SF.csv
./data/gct/csv/mapped/sorted//G62768NK.csv
./data/gct/csv/mapped/sorted//G62779OI.csv
./data/gct/csv/mapped/sorted//G62797OV.csv
./data/gct/csv/mapped/sorted//G62808KR.csv
./data/gct/csv/mapped/sorted//G62837IG.csv
./data/gct/csv/mapped/sorted//G62968IF.csv
./data/gct/csv/mapped/sorted//G62973JK.csv
./data/gct/csv/mapped/sorted//G63035DM.csv
./data/gct/csv/mapped/sorted//G63046OH.csv
./data/gct/csv/mapped/sorted//G63065KG.csv
./data/gct/csv/mapped/sorted//G63100CN.csv
./data/gct/csv/mapped/sorted//G63166WT.csv
./data/gct/csv/mapped/sorted//G63170HT.csv
./data/gct/csv/mapped/sorted//G63208BT.csv
./data/gct/csv/mapped/sorted//G63337SS.csv
./data/gct/csv/mapped/sorted//G63413QV.csv
./data/gct/csv/mapped/sorted//G63480NF.csv
./data/gct/csv/mapped/sorted//G63547QM.csv
./data/gct/csv/mapped/sorted//G63640QH.csv
./data/gct/csv/mapped/sorted//G63679SF.csv
./data/gct/csv/mapped/sorted//G63714PL.csv
./data/gct/csv/mapped/sorted//G63787RZ.csv
./data/gct/csv/mapped/sorted//G63889NK.csv
./data/gct/csv/mapped/sorted//G63919RG.csv
./data/gct/csv/mapped/sorted//G63939TP.csv
./data/gct/csv/mapped/sorted//G63976LA.csv
./data/gct/csv/mapped/sorted//G64048GU.csv
./data/gct/csv/mapped/sorted//G64076LG.csv
./data/gct/csv/mapped/sorted//G64132UH.csv
./data/gct/csv/mapped/sorted//G64144LP.csv
./data/gct/csv/mapped/sorted//G64384IL.csv
./data/gct/csv/mapped/sorted//G64411TU.csv
./data/gct/csv/mapped/sorted//G64481DJ.csv
./data/gct/csv/mapped/sorted//G64666BO.csv
./data/gct/csv/mapped/sorted//G64693IG.csv
./data/gct/csv/mapped/sorted//G64706DG.csv
./data/gct/csv/mapped/sorted//G64803AP.csv
./data/gct/csv/mapped/sorted//G64857LW.csv
./data/gct/csv/mapped/sorted//G64860JV.csv
./data/gct/csv/mapped/sorted//G65186XA.csv
./data/gct/csv/mapped/sorted//G65219TP.csv
./data/gct/csv/mapped/sorted//G65226QM.csv
./data/gct/csv/mapped/sorted//G65294YU.csv
./data/gct/csv/mapped/sorted//G65365UP.csv
./data/gct/csv/mapped/sorted//G65419YA.csv
./data/gct/csv/mapped/sorted//G65449BO.csv
./data/gct/csv/mapped/sorted//G65518IK.csv
./data/gct/csv/mapped/sorted//G65550TC.csv
./data/gct/csv/mapped/sorted//G65575TV.csv
./data/gct/csv/mapped/sorted//G65635AB.csv
./data/gct/csv/mapped/sorted//G65760UO.csv
./data/gct/csv/mapped/sorted//G65761WK.csv
./data/gct/csv/mapped/sorted//G65832JS.csv
./data/gct/csv/mapped/sorted//G65835SY.csv
./data/gct/csv/mapped/sorted//G65890UA.csv
./data/gct/csv/mapped/sorted//G65893EZ.csv
./data/gct/csv/mapped/sorted//G65896IX.csv
./data/gct/csv/mapped/sorted//G65937EW.csv
./data/gct/csv/mapped/sorted//G65984FE.csv
./data/gct/csv/mapped/sorted//G65996GC.csv
./data/gct/csv/mapped/sorted//G66116BW.csv
./data/gct/csv/mapped/sorted//G66122ZT.csv
./data/gct/csv/mapped/sorted//G66129DI.csv
./data/gct/csv/mapped/sorted//G66153IB.csv
./data/gct/csv/mapped/sorted//G66265KN.csv
./data/gct/csv/mapped/sorted//G66282NU.csv
./data/gct/csv/mapped/sorted//G66286WQ.csv
./data/gct/csv/mapped/sorted//G66348MF.csv
./data/gct/csv/mapped/sorted//G66362JB.csv
./data/gct/csv/mapped/sorted//G66377OH.csv
./data/gct/csv/mapped/sorted//G66474IG.csv
./data/gct/csv/mapped/sorted//G66504LK.csv
./data/gct/csv/mapped/sorted//G66653BX.csv
./data/gct/csv/mapped/sorted//G66655HQ.csv
./data/gct/csv/mapped/sorted//G66661ZY.csv
./data/gct/csv/mapped/sorted//G66665YI.csv
./data/gct/csv/mapped/sorted//G66741YQ.csv
./data/gct/csv/mapped/sorted//G66751BK.csv
./data/gct/csv/mapped/sorted//G66825OG.csv
./data/gct/csv/mapped/sorted//G66932MV.csv
./data/gct/csv/mapped/sorted//G66937TJ.csv
./data/gct/csv/mapped/sorted//G66998OZ.csv
./data/gct/csv/mapped/sorted//G67066JI.csv
./data/gct/csv/mapped/sorted//G67079AO.csv
./data/gct/csv/mapped/sorted//G67173FM.csv
./data/gct/csv/mapped/sorted//G67196QU.csv
./data/gct/csv/mapped/sorted//G67342MA.csv
./data/gct/csv/mapped/sorted//G67362UI.csv
./data/gct/csv/mapped/sorted//G67381VP.csv
./data/gct/csv/mapped/sorted//G67393WG.csv
./data/gct/csv/mapped/sorted//G67410LQ.csv
./data/gct/csv/mapped/sorted//G67534LV.csv
./data/gct/csv/mapped/sorted//G67608DN.csv
./data/gct/csv/mapped/sorted//G67610NV.csv
./data/gct/csv/mapped/sorted//G67612NO.csv
./data/gct/csv/mapped/sorted//G67656PN.csv
./data/gct/csv/mapped/sorted//G67767BR.csv
./data/gct/csv/mapped/sorted//G67895PX.csv
./data/gct/csv/mapped/sorted//G67898UK.csv
./data/gct/csv/mapped/sorted//G67915MO.csv
./data/gct/csv/mapped/sorted//G67924FL.csv
./data/gct/csv/mapped/sorted//G67942CH.csv
./data/gct/csv/mapped/sorted//G67971GL.csv
./data/gct/csv/mapped/sorted//G68059HB.csv
./data/gct/csv/mapped/sorted//G68175NA.csv
./data/gct/csv/mapped/sorted//G68203DZ.csv
./data/gct/csv/mapped/sorted//G68283NG.csv
./data/gct/csv/mapped/sorted//G68318SH.csv
./data/gct/csv/mapped/sorted//G68354TY.csv
./data/gct/csv/mapped/sorted//G68395LV.csv
./data/gct/csv/mapped/sorted//G68544GH.csv
./data/gct/csv/mapped/sorted//G68651MF.csv
./data/gct/csv/mapped/sorted//G68668TB.csv
./data/gct/csv/mapped/sorted//G68679LW.csv
./data/gct/csv/mapped/sorted//G68698AP.csv
./data/gct/csv/mapped/sorted//G68732HN.csv
./data/gct/csv/mapped/sorted//G68758PE.csv
./data/gct/csv/mapped/sorted//G68801RI.csv
./data/gct/csv/mapped/sorted//G68817WF.csv
./data/gct/csv/mapped/sorted//G68866GS.csv
./data/gct/csv/mapped/sorted//G68892PJ.csv
./data/gct/csv/mapped/sorted//G68937TM.csv
./data/gct/csv/mapped/sorted//G68969GZ.csv
./data/gct/csv/mapped/sorted//G69062KW.csv
./data/gct/csv/mapped/sorted//G69170UT.csv
./data/gct/csv/mapped/sorted//G69303AY.csv
./data/gct/csv/mapped/sorted//G69411IG.csv
./data/gct/csv/mapped/sorted//G69461KL.csv
./data/gct/csv/mapped/sorted//G69485SE.csv
./data/gct/csv/mapped/sorted//G69672LF.csv
./data/gct/csv/mapped/sorted//G69725KG.csv
./data/gct/csv/mapped/sorted//G69813CQ.csv
./data/gct/csv/mapped/sorted//G69957XS.csv
./data/gct/csv/mapped/sorted//G69982RY.csv
./data/gct/csv/mapped/sorted//G69985ZX.csv
./data/gct/csv/mapped/sorted//G69987TD.csv
./data/gct/csv/mapped/sorted//G70052MF.csv
./data/gct/csv/mapped/sorted//G70059SD.csv
./data/gct/csv/mapped/sorted//G70072FZ.csv
./data/gct/csv/mapped/sorted//G70073SG.csv
./data/gct/csv/mapped/sorted//G70076VV.csv
./data/gct/csv/mapped/sorted//G70160EA.csv
./data/gct/csv/mapped/sorted//G70194YY.csv
./data/gct/csv/mapped/sorted//G70236HL.csv
./data/gct/csv/mapped/sorted//G70246WA.csv
./data/gct/csv/mapped/sorted//G70258ML.csv
./data/gct/csv/mapped/sorted//G70382WT.csv
./data/gct/csv/mapped/sorted//G70387YT.csv
./data/gct/csv/mapped/sorted//G70490JW.csv
./data/gct/csv/mapped/sorted//G70494TJ.csv
./data/gct/csv/mapped/sorted//G70548CP.csv
./data/gct/csv/mapped/sorted//G70800WO.csv
./data/gct/csv/mapped/sorted//G70851FQ.csv
./data/gct/csv/mapped/sorted//G70859XP.csv
./data/gct/csv/mapped/sorted//G70881GL.csv
./data/gct/csv/mapped/sorted//G70927FR.csv
./data/gct/csv/mapped/sorted//G70945OS.csv
./data/gct/csv/mapped/sorted//G70947EQ.csv
./data/gct/csv/mapped/sorted//G70958LU.csv
./data/gct/csv/mapped/sorted//G71013KY.csv
./data/gct/csv/mapped/sorted//G71063DT.csv
./data/gct/csv/mapped/sorted//G71071YT.csv
./data/gct/csv/mapped/sorted//G71146MY.csv
./data/gct/csv/mapped/sorted//G71269BI.csv
./data/gct/csv/mapped/sorted//G71296WI.csv
./data/gct/csv/mapped/sorted//G71320DE.csv
./data/gct/csv/mapped/sorted//G71332MU.csv
./data/gct/csv/mapped/sorted//G71367OV.csv
./data/gct/csv/mapped/sorted//G71451NN.csv
./data/gct/csv/mapped/sorted//G71470CO.csv
./data/gct/csv/mapped/sorted//G71479BM.csv
./data/gct/csv/mapped/sorted//G71527NE.csv
./data/gct/csv/mapped/sorted//G71549MK.csv
./data/gct/csv/mapped/sorted//G71782CJ.csv
./data/gct/csv/mapped/sorted//G71835BN.csv
./data/gct/csv/mapped/sorted//G71865NO.csv
./data/gct/csv/mapped/sorted//G71906BW.csv
./data/gct/csv/mapped/sorted//G71919QK.csv
./data/gct/csv/mapped/sorted//G72085DL.csv
./data/gct/csv/mapped/sorted//G72108VJ.csv
./data/gct/csv/mapped/sorted//G72125QI.csv
./data/gct/csv/mapped/sorted//G72128LZ.csv
./data/gct/csv/mapped/sorted//G72131JM.csv
./data/gct/csv/mapped/sorted//G72221XM.csv
./data/gct/csv/mapped/sorted//G72300VE.csv
./data/gct/csv/mapped/sorted//G72309KR.csv
./data/gct/csv/mapped/sorted//G72356JA.csv
./data/gct/csv/mapped/sorted//G72356VO.csv
./data/gct/csv/mapped/sorted//G72406BE.csv
./data/gct/csv/mapped/sorted//G72407WU.csv
./data/gct/csv/mapped/sorted//G72460OS.csv
./data/gct/csv/mapped/sorted//G72475NE.csv
./data/gct/csv/mapped/sorted//G72533FB.csv
./data/gct/csv/mapped/sorted//G72580QS.csv
./data/gct/csv/mapped/sorted//G72718TT.csv
./data/gct/csv/mapped/sorted//G72905QH.csv
./data/gct/csv/mapped/sorted//G72952WX.csv
./data/gct/csv/mapped/sorted//G72954XC.csv
./data/gct/csv/mapped/sorted//G73073LQ.csv
./data/gct/csv/mapped/sorted//G73162HV.csv
./data/gct/csv/mapped/sorted//G73271AZ.csv
./data/gct/csv/mapped/sorted//G73302KW.csv
./data/gct/csv/mapped/sorted//G73308YY.csv
./data/gct/csv/mapped/sorted//G73408MO.csv
./data/gct/csv/mapped/sorted//G73439VG.csv
./data/gct/csv/mapped/sorted//G73517CY.csv
./data/gct/csv/mapped/sorted//G73539WK.csv
./data/gct/csv/mapped/sorted//G73683LQ.csv
./data/gct/csv/mapped/sorted//G73763NQ.csv
./data/gct/csv/mapped/sorted//G73825BL.csv
./data/gct/csv/mapped/sorted//G73836ED.csv
./data/gct/csv/mapped/sorted//G73866ZM.csv
./data/gct/csv/mapped/sorted//G73907HE.csv
./data/gct/csv/mapped/sorted//G73930OK.csv
./data/gct/csv/mapped/sorted//G74066YL.csv
./data/gct/csv/mapped/sorted//G74111QE.csv
./data/gct/csv/mapped/sorted//G74239ZQ.csv
./data/gct/csv/mapped/sorted//G74264KM.csv
./data/gct/csv/mapped/sorted//G74268SC.csv
./data/gct/csv/mapped/sorted//G74290AC.csv
./data/gct/csv/mapped/sorted//G74311PB.csv
./data/gct/csv/mapped/sorted//G74312RU.csv
./data/gct/csv/mapped/sorted//G74320MK.csv
./data/gct/csv/mapped/sorted//G74325TG.csv
./data/gct/csv/mapped/sorted//G74369SL.csv
./data/gct/csv/mapped/sorted//G74429YM.csv
./data/gct/csv/mapped/sorted//G74674RX.csv
./data/gct/csv/mapped/sorted//G74716XL.csv
./data/gct/csv/mapped/sorted//G74772YG.csv
./data/gct/csv/mapped/sorted//G74837KH.csv
./data/gct/csv/mapped/sorted//G74838NI.csv
./data/gct/csv/mapped/sorted//G74859XI.csv
./data/gct/csv/mapped/sorted//G74910CR.csv
./data/gct/csv/mapped/sorted//G75051CY.csv
./data/gct/csv/mapped/sorted//G75052YA.csv
./data/gct/csv/mapped/sorted//G75082OS.csv
./data/gct/csv/mapped/sorted//G75097UM.csv
./data/gct/csv/mapped/sorted//G75120WS.csv
./data/gct/csv/mapped/sorted//G75221WP.csv
./data/gct/csv/mapped/sorted//G75269BP.csv
./data/gct/csv/mapped/sorted//G75303RX.csv
./data/gct/csv/mapped/sorted//G75318VB.csv
./data/gct/csv/mapped/sorted//G75381NI.csv
./data/gct/csv/mapped/sorted//G75494EI.csv
./data/gct/csv/mapped/sorted//G75520NV.csv
./data/gct/csv/mapped/sorted//G75584LU.csv
./data/gct/csv/mapped/sorted//G75671DO.csv
./data/gct/csv/mapped/sorted//G75701BM.csv
./data/gct/csv/mapped/sorted//G75704ZB.csv
./data/gct/csv/mapped/sorted//G75734VP.csv
./data/gct/csv/mapped/sorted//G75798PH.csv
./data/gct/csv/mapped/sorted//G75824WJ.csv
./data/gct/csv/mapped/sorted//G75825ZR.csv
./data/gct/csv/mapped/sorted//G75839SN.csv
./data/gct/csv/mapped/sorted//G75850OP.csv
./data/gct/csv/mapped/sorted//G75903TQ.csv
./data/gct/csv/mapped/sorted//G75977KH.csv
./data/gct/csv/mapped/sorted//G76012OT.csv
./data/gct/csv/mapped/sorted//G76136FD.csv
./data/gct/csv/mapped/sorted//G76241TN.csv
./data/gct/csv/mapped/sorted//G76285RN.csv
./data/gct/csv/mapped/sorted//G76294TY.csv
./data/gct/csv/mapped/sorted//G76478FT.csv
./data/gct/csv/mapped/sorted//G76519VT.csv
./data/gct/csv/mapped/sorted//G76583MP.csv
./data/gct/csv/mapped/sorted//G76666KS.csv
./data/gct/csv/mapped/sorted//G76675AB.csv
./data/gct/csv/mapped/sorted//G76679QH.csv
./data/gct/csv/mapped/sorted//G76705YY.csv
./data/gct/csv/mapped/sorted//G76924RW.csv
./data/gct/csv/mapped/sorted//G76931AL.csv
./data/gct/csv/mapped/sorted//G77038WW.csv
./data/gct/csv/mapped/sorted//G77122IZ.csv
./data/gct/csv/mapped/sorted//G77149EE.csv
./data/gct/csv/mapped/sorted//G77166ST.csv
./data/gct/csv/mapped/sorted//G77174TF.csv
./data/gct/csv/mapped/sorted//G77177HT.csv
./data/gct/csv/mapped/sorted//G77198CF.csv
./data/gct/csv/mapped/sorted//G77207RR.csv
./data/gct/csv/mapped/sorted//G77244ZA.csv
./data/gct/csv/mapped/sorted//G77252PU.csv
./data/gct/csv/mapped/sorted//G77282MO.csv
./data/gct/csv/mapped/sorted//G77396HT.csv
./data/gct/csv/mapped/sorted//G77805RB.csv
./data/gct/csv/mapped/sorted//G77964WB.csv
./data/gct/csv/mapped/sorted//G78019KD.csv
./data/gct/csv/mapped/sorted//G78030KJ.csv
./data/gct/csv/mapped/sorted//G78059CC.csv
./data/gct/csv/mapped/sorted//G78071LY.csv
./data/gct/csv/mapped/sorted//G78173WX.csv
./data/gct/csv/mapped/sorted//G78276SQ.csv
./data/gct/csv/mapped/sorted//G78342SP.csv
./data/gct/csv/mapped/sorted//G78368CZ.csv
./data/gct/csv/mapped/sorted//G78391CU.csv
./data/gct/csv/mapped/sorted//G78434AN.csv
./data/gct/csv/mapped/sorted//G78454JO.csv
./data/gct/csv/mapped/sorted//G78644BR.csv
./data/gct/csv/mapped/sorted//G78681QL.csv
./data/gct/csv/mapped/sorted//G78695LF.csv
./data/gct/csv/mapped/sorted//G78813BX.csv
./data/gct/csv/mapped/sorted//G78890OB.csv
./data/gct/csv/mapped/sorted//G78944YP.csv
./data/gct/csv/mapped/sorted//G78956IC.csv
./data/gct/csv/mapped/sorted//G79089EU.csv
./data/gct/csv/mapped/sorted//G79215ZS.csv
./data/gct/csv/mapped/sorted//G79249GP.csv
./data/gct/csv/mapped/sorted//G79351ZW.csv
./data/gct/csv/mapped/sorted//G79368CP.csv
./data/gct/csv/mapped/sorted//G79394LC.csv
./data/gct/csv/mapped/sorted//G79473WX.csv
./data/gct/csv/mapped/sorted//G79520GQ.csv
./data/gct/csv/mapped/sorted//G79556AB.csv
./data/gct/csv/mapped/sorted//G79564YR.csv
./data/gct/csv/mapped/sorted//G79565XA.csv
./data/gct/csv/mapped/sorted//G79745PG.csv
./data/gct/csv/mapped/sorted//G79781PS.csv
./data/gct/csv/mapped/sorted//G79809MM.csv
./data/gct/csv/mapped/sorted//G79810PX.csv
./data/gct/csv/mapped/sorted//G79852UE.csv
./data/gct/csv/mapped/sorted//G79939YZ.csv
./data/gct/csv/mapped/sorted//G79973CM.csv
./data/gct/csv/mapped/sorted//G79996DQ.csv
./data/gct/csv/mapped/sorted//G80163ME.csv
./data/gct/csv/mapped/sorted//G80268ZC.csv
./data/gct/csv/mapped/sorted//G80298HR.csv
./data/gct/csv/mapped/sorted//G80319WU.csv
./data/gct/csv/mapped/sorted//G80343LW.csv
./data/gct/csv/mapped/sorted//G80537QW.csv
./data/gct/csv/mapped/sorted//G80552MJ.csv
./data/gct/csv/mapped/sorted//G80578OK.csv
./data/gct/csv/mapped/sorted//G80583XN.csv
./data/gct/csv/mapped/sorted//G80637VS.csv
./data/gct/csv/mapped/sorted//G80650PW.csv
./data/gct/csv/mapped/sorted//G80678MA.csv
./data/gct/csv/mapped/sorted//G80759CD.csv
./data/gct/csv/mapped/sorted//G80858MF.csv
./data/gct/csv/mapped/sorted//G80966KZ.csv
./data/gct/csv/mapped/sorted//G81096RM.csv
./data/gct/csv/mapped/sorted//G81107PN.csv
./data/gct/csv/mapped/sorted//G81114MS.csv
./data/gct/csv/mapped/sorted//G81121OC.csv
./data/gct/csv/mapped/sorted//G81247ZO.csv
./data/gct/csv/mapped/sorted//G81253FL.csv
./data/gct/csv/mapped/sorted//G81282CC.csv
./data/gct/csv/mapped/sorted//G81294ZY.csv
./data/gct/csv/mapped/sorted//G81397LO.csv
./data/gct/csv/mapped/sorted//G81410HG.csv
./data/gct/csv/mapped/sorted//G81413UE.csv
./data/gct/csv/mapped/sorted//G81459MV.csv
./data/gct/csv/mapped/sorted//G81554CS.csv
./data/gct/csv/mapped/sorted//G81561UL.csv
./data/gct/csv/mapped/sorted//G81581UV.csv
./data/gct/csv/mapped/sorted//G81873QA.csv
./data/gct/csv/mapped/sorted//G81877PA.csv
./data/gct/csv/mapped/sorted//G81915YU.csv
./data/gct/csv/mapped/sorted//G82020ZR.csv
./data/gct/csv/mapped/sorted//G82138AT.csv
./data/gct/csv/mapped/sorted//G82140BL.csv
./data/gct/csv/mapped/sorted//G82207VX.csv
./data/gct/csv/mapped/sorted//G82221BU.csv
./data/gct/csv/mapped/sorted//G82252QI.csv
./data/gct/csv/mapped/sorted//G82348BZ.csv
./data/gct/csv/mapped/sorted//G82368PU.csv
./data/gct/csv/mapped/sorted//G82405LP.csv
./data/gct/csv/mapped/sorted//G82410AF.csv
./data/gct/csv/mapped/sorted//G82458BB.csv
./data/gct/csv/mapped/sorted//G82514MH.csv
./data/gct/csv/mapped/sorted//G82529OA.csv
./data/gct/csv/mapped/sorted//G82680EC.csv
./data/gct/csv/mapped/sorted//G82730QA.csv
./data/gct/csv/mapped/sorted//G82753OZ.csv
./data/gct/csv/mapped/sorted//G82763XK.csv
./data/gct/csv/mapped/sorted//G82779CI.csv
./data/gct/csv/mapped/sorted//G82801WV.csv
./data/gct/csv/mapped/sorted//G82811EP.csv
./data/gct/csv/mapped/sorted//G82868SO.csv
./data/gct/csv/mapped/sorted//G82894XV.csv
./data/gct/csv/mapped/sorted//G82942ZJ.csv
./data/gct/csv/mapped/sorted//G82955EQ.csv
./data/gct/csv/mapped/sorted//G83006TR.csv
./data/gct/csv/mapped/sorted//G83009TH.csv
./data/gct/csv/mapped/sorted//G83022ZQ.csv
./data/gct/csv/mapped/sorted//G83062JW.csv
./data/gct/csv/mapped/sorted//G83106XM.csv
./data/gct/csv/mapped/sorted//G83161QT.csv
./data/gct/csv/mapped/sorted//G83213GG.csv
./data/gct/csv/mapped/sorted//G83252PW.csv
./data/gct/csv/mapped/sorted//G83258AP.csv
./data/gct/csv/mapped/sorted//G83386PJ.csv
./data/gct/csv/mapped/sorted//G83425EJ.csv
./data/gct/csv/mapped/sorted//G83455QZ.csv
./data/gct/csv/mapped/sorted//G83461WR.csv
./data/gct/csv/mapped/sorted//G83540SE.csv
./data/gct/csv/mapped/sorted//G83600PQ.csv
./data/gct/csv/mapped/sorted//G83624CJ.csv
./data/gct/csv/mapped/sorted//G83644CC.csv
./data/gct/csv/mapped/sorted//G83709GS.csv
./data/gct/csv/mapped/sorted//G83737UD.csv
./data/gct/csv/mapped/sorted//G83958MI.csv
./data/gct/csv/mapped/sorted//G84153KU.csv
./data/gct/csv/mapped/sorted//G84155GY.csv
./data/gct/csv/mapped/sorted//G84186YN.csv
./data/gct/csv/mapped/sorted//G84287MH.csv
./data/gct/csv/mapped/sorted//G84329MX.csv
./data/gct/csv/mapped/sorted//G84330VA.csv
./data/gct/csv/mapped/sorted//G84331QL.csv
./data/gct/csv/mapped/sorted//G84362VL.csv
./data/gct/csv/mapped/sorted//G84368MT.csv
./data/gct/csv/mapped/sorted//G84390MS.csv
./data/gct/csv/mapped/sorted//G84467IZ.csv
./data/gct/csv/mapped/sorted//G84495HF.csv
./data/gct/csv/mapped/sorted//G84504LI.csv
./data/gct/csv/mapped/sorted//G84543RP.csv
./data/gct/csv/mapped/sorted//G84552CD.csv
./data/gct/csv/mapped/sorted//G84558OA.csv
./data/gct/csv/mapped/sorted//G84674JQ.csv
./data/gct/csv/mapped/sorted//G84678BK.csv
./data/gct/csv/mapped/sorted//G84783XD.csv
./data/gct/csv/mapped/sorted//G84811LS.csv
./data/gct/csv/mapped/sorted//G84852GW.csv
./data/gct/csv/mapped/sorted//G84882JT.csv
./data/gct/csv/mapped/sorted//G84908OR.csv
./data/gct/csv/mapped/sorted//G85041WE.csv
./data/gct/csv/mapped/sorted//G85095TB.csv
./data/gct/csv/mapped/sorted//G85098WU.csv
./data/gct/csv/mapped/sorted//G85196QC.csv
./data/gct/csv/mapped/sorted//G85422ZY.csv
./data/gct/csv/mapped/sorted//G85447US.csv
./data/gct/csv/mapped/sorted//G85460ZG.csv
./data/gct/csv/mapped/sorted//G85542KD.csv
./data/gct/csv/mapped/sorted//G85545IG.csv
./data/gct/csv/mapped/sorted//G85599NG.csv
./data/gct/csv/mapped/sorted//G85652RK.csv
./data/gct/csv/mapped/sorted//G85678WN.csv
./data/gct/csv/mapped/sorted//G85709JZ.csv
./data/gct/csv/mapped/sorted//G85737WG.csv
./data/gct/csv/mapped/sorted//G85755BV.csv
./data/gct/csv/mapped/sorted//G85767HW.csv
./data/gct/csv/mapped/sorted//G85895SP.csv
./data/gct/csv/mapped/sorted//G86053IC.csv
./data/gct/csv/mapped/sorted//G86102AA.csv
./data/gct/csv/mapped/sorted//G86102WJ.csv
./data/gct/csv/mapped/sorted//G86294KR.csv
./data/gct/csv/mapped/sorted//G86298IX.csv
./data/gct/csv/mapped/sorted//G86357DX.csv
./data/gct/csv/mapped/sorted//G86377KB.csv
./data/gct/csv/mapped/sorted//G86385RC.csv
./data/gct/csv/mapped/sorted//G86386QT.csv
./data/gct/csv/mapped/sorted//G86414TE.csv
./data/gct/csv/mapped/sorted//G86475BX.csv
./data/gct/csv/mapped/sorted//G86490WA.csv
./data/gct/csv/mapped/sorted//G86495BQ.csv
./data/gct/csv/mapped/sorted//G86503RS.csv
./data/gct/csv/mapped/sorted//G86504RY.csv
./data/gct/csv/mapped/sorted//G86517XT.csv
./data/gct/csv/mapped/sorted//G86522OD.csv
./data/gct/csv/mapped/sorted//G86555OF.csv
./data/gct/csv/mapped/sorted//G86606NT.csv
./data/gct/csv/mapped/sorted//G86632ZU.csv
./data/gct/csv/mapped/sorted//G86696LV.csv
./data/gct/csv/mapped/sorted//G86705PH.csv
./data/gct/csv/mapped/sorted//G86750HK.csv
./data/gct/csv/mapped/sorted//G86753CK.csv
./data/gct/csv/mapped/sorted//G86881ZW.csv
./data/gct/csv/mapped/sorted//G86928UZ.csv
./data/gct/csv/mapped/sorted//G87073UP.csv
./data/gct/csv/mapped/sorted//G87107PF.csv
./data/gct/csv/mapped/sorted//G87124HX.csv
./data/gct/csv/mapped/sorted//G87217OF.csv
./data/gct/csv/mapped/sorted//G87308QC.csv
./data/gct/csv/mapped/sorted//G87309GS.csv
./data/gct/csv/mapped/sorted//G87320GN.csv
./data/gct/csv/mapped/sorted//G87377GM.csv
./data/gct/csv/mapped/sorted//G87418CY.csv
./data/gct/csv/mapped/sorted//G87433AX.csv
./data/gct/csv/mapped/sorted//G87505EW.csv
./data/gct/csv/mapped/sorted//G87535DG.csv
./data/gct/csv/mapped/sorted//G87618BG.csv
./data/gct/csv/mapped/sorted//G87633UQ.csv
./data/gct/csv/mapped/sorted//G87668ED.csv
./data/gct/csv/mapped/sorted//G87695KR.csv
./data/gct/csv/mapped/sorted//G87777GG.csv
./data/gct/csv/mapped/sorted//G87889NL.csv
./data/gct/csv/mapped/sorted//G87908HE.csv
./data/gct/csv/mapped/sorted//G87921DA.csv
./data/gct/csv/mapped/sorted//G87937HR.csv
./data/gct/csv/mapped/sorted//G87947EJ.csv
./data/gct/csv/mapped/sorted//G88068QT.csv
./data/gct/csv/mapped/sorted//G88122ZQ.csv
./data/gct/csv/mapped/sorted//G88242BL.csv
./data/gct/csv/mapped/sorted//G88310CR.csv
./data/gct/csv/mapped/sorted//G88334IC.csv
./data/gct/csv/mapped/sorted//G88382QE.csv
./data/gct/csv/mapped/sorted//G88417ED.csv
./data/gct/csv/mapped/sorted//G88421PE.csv
./data/gct/csv/mapped/sorted//G88455FN.csv
./data/gct/csv/mapped/sorted//G88461FF.csv
./data/gct/csv/mapped/sorted//G88495BI.csv
./data/gct/csv/mapped/sorted//G88673AA.csv
./data/gct/csv/mapped/sorted//G88696CU.csv
./data/gct/csv/mapped/sorted//G88734GE.csv
./data/gct/csv/mapped/sorted//G88749TS.csv
./data/gct/csv/mapped/sorted//G88784SV.csv
./data/gct/csv/mapped/sorted//G88800UV.csv
./data/gct/csv/mapped/sorted//G88876JQ.csv
./data/gct/csv/mapped/sorted//G88884NJ.csv
./data/gct/csv/mapped/sorted//G88948CY.csv
./data/gct/csv/mapped/sorted//G89058RF.csv
./data/gct/csv/mapped/sorted//G89144TN.csv
./data/gct/csv/mapped/sorted//G89186VO.csv
./data/gct/csv/mapped/sorted//G89241QS.csv
./data/gct/csv/mapped/sorted//G89261EQ.csv
./data/gct/csv/mapped/sorted//G89285QP.csv
./data/gct/csv/mapped/sorted//G89319AW.csv
./data/gct/csv/mapped/sorted//G89325VN.csv
./data/gct/csv/mapped/sorted//G89364NG.csv
./data/gct/csv/mapped/sorted//G89370FG.csv
./data/gct/csv/mapped/sorted//G89417VQ.csv
./data/gct/csv/mapped/sorted//G89466MK.csv
./data/gct/csv/mapped/sorted//G89532GI.csv
./data/gct/csv/mapped/sorted//G89637WE.csv
./data/gct/csv/mapped/sorted//G89663TB.csv
./data/gct/csv/mapped/sorted//G89664KV.csv
./data/gct/csv/mapped/sorted//G89738LW.csv
./data/gct/csv/mapped/sorted//G89808TP.csv
./data/gct/csv/mapped/sorted//G89864BN.csv
./data/gct/csv/mapped/sorted//G89877QI.csv
./data/gct/csv/mapped/sorted//G89905SH.csv
./data/gct/csv/mapped/sorted//G89923TD.csv
./data/gct/csv/mapped/sorted//G89941FZ.csv
./data/gct/csv/mapped/sorted//G89993FE.csv
./data/gct/csv/mapped/sorted//G90099GV.csv
./data/gct/csv/mapped/sorted//G90348RI.csv
./data/gct/csv/mapped/sorted//G90352XZ.csv
./data/gct/csv/mapped/sorted//G90443NH.csv
./data/gct/csv/mapped/sorted//G90542MP.csv
./data/gct/csv/mapped/sorted//G90686TN.csv
./data/gct/csv/mapped/sorted//G90712YJ.csv
./data/gct/csv/mapped/sorted//G90717TP.csv
./data/gct/csv/mapped/sorted//G90725ZC.csv
./data/gct/csv/mapped/sorted//G90784AP.csv
./data/gct/csv/mapped/sorted//G90789YQ.csv
./data/gct/csv/mapped/sorted//G90889KG.csv
./data/gct/csv/mapped/sorted//G90950UC.csv
./data/gct/csv/mapped/sorted//G90987JA.csv
./data/gct/csv/mapped/sorted//G91020ZU.csv
./data/gct/csv/mapped/sorted//G91023GB.csv
./data/gct/csv/mapped/sorted//G91130VE.csv
./data/gct/csv/mapped/sorted//G91297KX.csv
./data/gct/csv/mapped/sorted//G91312MX.csv
./data/gct/csv/mapped/sorted//G91365ZQ.csv
./data/gct/csv/mapped/sorted//G91388QD.csv
./data/gct/csv/mapped/sorted//G91413ZX.csv
./data/gct/csv/mapped/sorted//G91471TQ.csv
./data/gct/csv/mapped/sorted//G91518OM.csv
./data/gct/csv/mapped/sorted//G91599FN.csv
./data/gct/csv/mapped/sorted//G91623TN.csv
./data/gct/csv/mapped/sorted//G91704UR.csv
./data/gct/csv/mapped/sorted//G91905FJ.csv
./data/gct/csv/mapped/sorted//G92042VQ.csv
./data/gct/csv/mapped/sorted//G92129PT.csv
./data/gct/csv/mapped/sorted//G92188CK.csv
./data/gct/csv/mapped/sorted//G92219PK.csv
./data/gct/csv/mapped/sorted//G92241FG.csv
./data/gct/csv/mapped/sorted//G92257YN.csv
./data/gct/csv/mapped/sorted//G92320PF.csv
./data/gct/csv/mapped/sorted//G92337QR.csv
./data/gct/csv/mapped/sorted//G92534LG.csv
./data/gct/csv/mapped/sorted//G92570PJ.csv
./data/gct/csv/mapped/sorted//G92574YO.csv
./data/gct/csv/mapped/sorted//G92575UZ.csv
./data/gct/csv/mapped/sorted//G92594VG.csv
./data/gct/csv/mapped/sorted//G92617LF.csv
./data/gct/csv/mapped/sorted//G92681HQ.csv
./data/gct/csv/mapped/sorted//G92709EO.csv
./data/gct/csv/mapped/sorted//G92821YI.csv
./data/gct/csv/mapped/sorted//G92974UU.csv
./data/gct/csv/mapped/sorted//G93029JO.csv
./data/gct/csv/mapped/sorted//G93141AZ.csv
./data/gct/csv/mapped/sorted//G93148GC.csv
./data/gct/csv/mapped/sorted//G93164KQ.csv
./data/gct/csv/mapped/sorted//G93284HQ.csv
./data/gct/csv/mapped/sorted//G93310KW.csv
./data/gct/csv/mapped/sorted//G93320VA.csv
./data/gct/csv/mapped/sorted//G93446UA.csv
./data/gct/csv/mapped/sorted//G93500PH.csv
./data/gct/csv/mapped/sorted//G93575MM.csv
./data/gct/csv/mapped/sorted//G93624ZP.csv
./data/gct/csv/mapped/sorted//G93638BI.csv
./data/gct/csv/mapped/sorted//G93746CY.csv
./data/gct/csv/mapped/sorted//G93758YP.csv
./data/gct/csv/mapped/sorted//G93780IW.csv
./data/gct/csv/mapped/sorted//G93788SW.csv
./data/gct/csv/mapped/sorted//G93856AJ.csv
./data/gct/csv/mapped/sorted//G93860XO.csv
./data/gct/csv/mapped/sorted//G93861MS.csv
./data/gct/csv/mapped/sorted//G93899AU.csv
./data/gct/csv/mapped/sorted//G93906VI.csv
./data/gct/csv/mapped/sorted//G93922AL.csv
./data/gct/csv/mapped/sorted//G93993PD.csv
./data/gct/csv/mapped/sorted//G93999ON.csv
./data/gct/csv/mapped/sorted//G94019IV.csv
./data/gct/csv/mapped/sorted//G94047VH.csv
./data/gct/csv/mapped/sorted//G94116NC.csv
./data/gct/csv/mapped/sorted//G94141FZ.csv
./data/gct/csv/mapped/sorted//G94156YI.csv
./data/gct/csv/mapped/sorted//G94163JU.csv
./data/gct/csv/mapped/sorted//G94373HA.csv
./data/gct/csv/mapped/sorted//G94423NC.csv
./data/gct/csv/mapped/sorted//G94449IF.csv
./data/gct/csv/mapped/sorted//G94531EZ.csv
./data/gct/csv/mapped/sorted//G94543DB.csv
./data/gct/csv/mapped/sorted//G94626AX.csv
./data/gct/csv/mapped/sorted//G94718HG.csv
./data/gct/csv/mapped/sorted//G94806YM.csv
./data/gct/csv/mapped/sorted//G94809SW.csv
./data/gct/csv/mapped/sorted//G94876HV.csv
./data/gct/csv/mapped/sorted//G94926TV.csv
./data/gct/csv/mapped/sorted//G94946LG.csv
./data/gct/csv/mapped/sorted//G95109CV.csv
./data/gct/csv/mapped/sorted//G95166FG.csv
./data/gct/csv/mapped/sorted//G95186HE.csv
./data/gct/csv/mapped/sorted//G95198OA.csv
./data/gct/csv/mapped/sorted//G95222PD.csv
./data/gct/csv/mapped/sorted//G95227SJ.csv
./data/gct/csv/mapped/sorted//G95260HV.csv
./data/gct/csv/mapped/sorted//G95333ZG.csv
./data/gct/csv/mapped/sorted//G95440SV.csv
./data/gct/csv/mapped/sorted//G95473VJ.csv
./data/gct/csv/mapped/sorted//G95575GS.csv
./data/gct/csv/mapped/sorted//G95617FJ.csv
./data/gct/csv/mapped/sorted//G95660LN.csv
./data/gct/csv/mapped/sorted//G95786NX.csv
./data/gct/csv/mapped/sorted//G95861KV.csv
./data/gct/csv/mapped/sorted//G95901MC.csv
./data/gct/csv/mapped/sorted//G95924JX.csv
./data/gct/csv/mapped/sorted//G95984JN.csv
./data/gct/csv/mapped/sorted//G95994EE.csv
./data/gct/csv/mapped/sorted//G96063MG.csv
./data/gct/csv/mapped/sorted//G96079KC.csv
./data/gct/csv/mapped/sorted//G96079QX.csv
./data/gct/csv/mapped/sorted//G96095QD.csv
./data/gct/csv/mapped/sorted//G96175KT.csv
./data/gct/csv/mapped/sorted//G96489SM.csv
./data/gct/csv/mapped/sorted//G96503EZ.csv
./data/gct/csv/mapped/sorted//G96719MC.csv
./data/gct/csv/mapped/sorted//G96861IW.csv
./data/gct/csv/mapped/sorted//G96894DL.csv
./data/gct/csv/mapped/sorted//G96916QO.csv
./data/gct/csv/mapped/sorted//G96921ZU.csv
./data/gct/csv/mapped/sorted//G96932XT.csv
./data/gct/csv/mapped/sorted//G97023FS.csv
./data/gct/csv/mapped/sorted//G97028UT.csv
./data/gct/csv/mapped/sorted//G97109LT.csv
./data/gct/csv/mapped/sorted//G97123TW.csv
./data/gct/csv/mapped/sorted//G97185IQ.csv
./data/gct/csv/mapped/sorted//G97292GW.csv
./data/gct/csv/mapped/sorted//G97459BD.csv
./data/gct/csv/mapped/sorted//G97539CG.csv
./data/gct/csv/mapped/sorted//G97575FW.csv
./data/gct/csv/mapped/sorted//G97709WW.csv
./data/gct/csv/mapped/sorted//G97720QM.csv
./data/gct/csv/mapped/sorted//G97765TT.csv
./data/gct/csv/mapped/sorted//G97831CJ.csv
./data/gct/csv/mapped/sorted//G97832IV.csv
./data/gct/csv/mapped/sorted//G97842ZO.csv
./data/gct/csv/mapped/sorted//G97948YW.csv
./data/gct/csv/mapped/sorted//G98132BH.csv
./data/gct/csv/mapped/sorted//G98140IX.csv
./data/gct/csv/mapped/sorted//G98207CW.csv
./data/gct/csv/mapped/sorted//G98212GQ.csv
./data/gct/csv/mapped/sorted//G98292JT.csv
./data/gct/csv/mapped/sorted//G98338IO.csv
./data/gct/csv/mapped/sorted//G98425JK.csv
./data/gct/csv/mapped/sorted//G98455QP.csv
./data/gct/csv/mapped/sorted//G98549NZ.csv
./data/gct/csv/mapped/sorted//G98559XP.csv
./data/gct/csv/mapped/sorted//G98666DD.csv
./data/gct/csv/mapped/sorted//G98790NR.csv
./data/gct/csv/mapped/sorted//G98940JV.csv
./data/gct/csv/mapped/sorted//G98956LI.csv
./data/gct/csv/mapped/sorted//G98961TI.csv
./data/gct/csv/mapped/sorted//G99026RX.csv
./data/gct/csv/mapped/sorted//G99035PG.csv
./data/gct/csv/mapped/sorted//G99129GB.csv
./data/gct/csv/mapped/sorted//G99141XX.csv
./data/gct/csv/mapped/sorted//G99229VQ.csv
./data/gct/csv/mapped/sorted//G99306JE.csv
./data/gct/csv/mapped/sorted//G99372TR.csv
./data/gct/csv/mapped/sorted//G99382AP.csv
./data/gct/csv/mapped/sorted//G99403QU.csv
./data/gct/csv/mapped/sorted//G99440FA.csv
./data/gct/csv/mapped/sorted//G99448WD.csv
./data/gct/csv/mapped/sorted//G99503MW.csv
./data/gct/csv/mapped/sorted//G99568AR.csv
./data/gct/csv/mapped/sorted//G99610EG.csv
./data/gct/csv/mapped/sorted//G99622IJ.csv
./data/gct/csv/mapped/sorted//G99626QO.csv
./data/gct/csv/mapped/sorted//G99647DZ.csv
./data/gct/csv/mapped/sorted//G99669MJ.csv
./data/gct/csv/mapped/sorted//G99729IU.csv
./data/gct/csv/mapped/sorted//G99808VS.csv
./data/gct/csv/mapped/sorted//G99897FQ.csv
./data/gct/csv/mapped/sorted//G99952ON.csv
