./data/svg/G00176HZ.svg
./data/svg/G00227RN.svg
./data/svg/G00279YF.svg
./data/svg/G00281HB.svg
./data/svg/G00413UF.svg
./data/svg/G00432WV.svg
./data/svg/G00463XD.svg
./data/svg/G00470UO.svg
./data/svg/G00492CQ.svg
./data/svg/G00503EE.svg
./data/svg/G00551JZ.svg
./data/svg/G00582VL.svg
./data/svg/G00606LX.svg
./data/svg/G00695JO.svg
./data/svg/G00706QN.svg
./data/svg/G00743WU.svg
./data/svg/G00797ZX.svg
./data/svg/G00830CM.svg
./data/svg/G00875VP.svg
./data/svg/G00883ZT.svg
./data/svg/G00978TF.svg
./data/svg/G00986YT.svg
./data/svg/G00995HW.svg
./data/svg/G01120GS.svg
./data/svg/G01310VF.svg
./data/svg/G01361CV.svg
./data/svg/G01367ZS.svg
./data/svg/G01378OV.svg
./data/svg/G01414CL.svg
./data/svg/G01489UZ.svg
./data/svg/G01600VV.svg
./data/svg/G01613KN.svg
./data/svg/G01659NO.svg
./data/svg/G01670UQ.svg
./data/svg/G01769FS.svg
./data/svg/G01954BU.svg
./data/svg/G02000AU.svg
./data/svg/G02122FK.svg
./data/svg/G02156UW.svg
./data/svg/G02251YG.svg
./data/svg/G02310VX.svg
./data/svg/G02311IE.svg
./data/svg/G02410EE.svg
./data/svg/G02456AL.svg
./data/svg/G02470WS.svg
./data/svg/G02473HY.svg
./data/svg/G02483WT.svg
./data/svg/G02561FC.svg
./data/svg/G02654EL.svg
./data/svg/G02661MY.svg
./data/svg/G02760XH.svg
./data/svg/G02915XR.svg
./data/svg/G03164NE.svg
./data/svg/G03165SD.svg
./data/svg/G03216SJ.svg
./data/svg/G03275SD.svg
./data/svg/G03479ZN.svg
./data/svg/G03584KV.svg
./data/svg/G03605AV.svg
./data/svg/G03652TR.svg
./data/svg/G03740OH.svg
./data/svg/G03754YM.svg
./data/svg/G03764XL.svg
./data/svg/G03802LT.svg
./data/svg/G03834RX.svg
./data/svg/G03860PZ.svg
./data/svg/G03895SR.svg
./data/svg/G03921DY.svg
./data/svg/G04048YA.svg
./data/svg/G04077XA.svg
./data/svg/G04286YE.svg
./data/svg/G04423CA.svg
./data/svg/G04445KN.svg
./data/svg/G04483SK.svg
./data/svg/G04561MG.svg
./data/svg/G04576KS.svg
./data/svg/G04622LK.svg
./data/svg/G04744XB.svg
./data/svg/G04751OE.svg
./data/svg/G04775TV.svg
./data/svg/G04791QM.svg
./data/svg/G04855ZO.svg
./data/svg/G04909DG.svg
./data/svg/G05098FE.svg
./data/svg/G05187WH.svg
./data/svg/G05229BF.svg
./data/svg/G05241IE.svg
./data/svg/G05319BS.svg
./data/svg/G05360PA.svg
./data/svg/G05382JE.svg
./data/svg/G05421KO.svg
./data/svg/G05478GN.svg
./data/svg/G05611SB.svg
./data/svg/G05948HK.svg
./data/svg/G05950HG.svg
./data/svg/G05979RR.svg
./data/svg/G06070KG.svg
./data/svg/G06100EH.svg
./data/svg/G06209KS.svg
./data/svg/G06404ZJ.svg
./data/svg/G06534UH.svg
./data/svg/G06578MY.svg
./data/svg/G06673TD.svg
./data/svg/G06730AH.svg
./data/svg/G06772YH.svg
./data/svg/G06830II.svg
./data/svg/G06830JN.svg
./data/svg/G06920GM.svg
./data/svg/G07041CT.svg
./data/svg/G07162IJ.svg
./data/svg/G07169PS.svg
./data/svg/G07262RR.svg
./data/svg/G07265CE.svg
./data/svg/G07292LK.svg
./data/svg/G07328EF.svg
./data/svg/G07337US.svg
./data/svg/G07380TS.svg
./data/svg/G07392QY.svg
./data/svg/G07410AW.svg
./data/svg/G07483YN.svg
./data/svg/G07493GF.svg
./data/svg/G07617FP.svg
./data/svg/G07682PQ.svg
./data/svg/G07695ZT.svg
./data/svg/G07703ST.svg
./data/svg/G07842DQ.svg
./data/svg/G07947TY.svg
./data/svg/G07982BU.svg
./data/svg/G07995VK.svg
./data/svg/G08096ND.svg
./data/svg/G08111FJ.svg
./data/svg/G08146BT.svg
./data/svg/G08161JQ.svg
./data/svg/G08185DV.svg
./data/svg/G08242BT.svg
./data/svg/G08492JZ.svg
./data/svg/G08520NM.svg
./data/svg/G08646YJ.svg
./data/svg/G08673AT.svg
./data/svg/G08679LR.svg
./data/svg/G08709JB.svg
./data/svg/G08820NR.svg
./data/svg/G09020HN.svg
./data/svg/G09115OQ.svg
./data/svg/G09118YK.svg
./data/svg/G09125WG.svg
./data/svg/G09150LP.svg
./data/svg/G09176OA.svg
./data/svg/G09260EL.svg
./data/svg/G09276TA.svg
./data/svg/G09322OS.svg
./data/svg/G09349XQ.svg
./data/svg/G09362VG.svg
./data/svg/G09393NL.svg
./data/svg/G09394JN.svg
./data/svg/G09397UV.svg
./data/svg/G09405BO.svg
./data/svg/G09416DG.svg
./data/svg/G09482NW.svg
./data/svg/G09513RD.svg
./data/svg/G09568JT.svg
./data/svg/G09576QH.svg
./data/svg/G09635US.svg
./data/svg/G09650BK.svg
./data/svg/G09666WO.svg
./data/svg/G09724ZC.svg
./data/svg/G09775CH.svg
./data/svg/G09839ES.svg
./data/svg/G09902CG.svg
./data/svg/G10106TL.svg
./data/svg/G10108GZ.svg
./data/svg/G10189EJ.svg
./data/svg/G10219AA.svg
./data/svg/G10228OD.svg
./data/svg/G10258MC.svg
./data/svg/G10292TC.svg
./data/svg/G10300DY.svg
./data/svg/G10417XF.svg
./data/svg/G10470SE.svg
./data/svg/G10471FG.svg
./data/svg/G10483PN.svg
./data/svg/G10609HO.svg
./data/svg/G10627KR.svg
./data/svg/G10666VQ.svg
./data/svg/G10820KD.svg
./data/svg/G10835DD.svg
./data/svg/G10844WB.svg
./data/svg/G10845BX.svg
./data/svg/G10881VB.svg
./data/svg/G10944ZI.svg
./data/svg/G10995NB.svg
./data/svg/G11041DA.svg
./data/svg/G11324RD.svg
./data/svg/G11329LI.svg
./data/svg/G11350UX.svg
./data/svg/G11392CL.svg
./data/svg/G11453BM.svg
./data/svg/G11460AB.svg
./data/svg/G11479AN.svg
./data/svg/G11509RN.svg
./data/svg/G11535IB.svg
./data/svg/G11561RV.svg
./data/svg/G11571JL.svg
./data/svg/G11671GQ.svg
./data/svg/G11696PX.svg
./data/svg/G11700UP.svg
./data/svg/G11865ZE.svg
./data/svg/G11908FF.svg
./data/svg/G11960UF.svg
./data/svg/G11994QC.svg
./data/svg/G12150CK.svg
./data/svg/G12222NC.svg
./data/svg/G12352RJ.svg
./data/svg/G12398HZ.svg
./data/svg/G12436UO.svg
./data/svg/G12438DW.svg
./data/svg/G12511VU.svg
./data/svg/G12524BD.svg
./data/svg/G12593TX.svg
./data/svg/G12655NI.svg
./data/svg/G12775RU.svg
./data/svg/G12878NK.svg
./data/svg/G13074BX.svg
./data/svg/G13151XE.svg
./data/svg/G13156PQ.svg
./data/svg/G13165FV.svg
./data/svg/G13257IK.svg
./data/svg/G13282WA.svg
./data/svg/G13290KJ.svg
./data/svg/G13291XJ.svg
./data/svg/G13495RN.svg
./data/svg/G13515ZY.svg
./data/svg/G13537KO.svg
./data/svg/G13583BZ.svg
./data/svg/G13672YG.svg
./data/svg/G13836YR.svg
./data/svg/G13849YJ.svg
./data/svg/G14015IL.svg
./data/svg/G14020CV.svg
./data/svg/G14047PA.svg
./data/svg/G14127XU.svg
./data/svg/G14190WK.svg
./data/svg/G14232GJ.svg
./data/svg/G14343MU.svg
./data/svg/G14358WN.svg
./data/svg/G14438ZT.svg
./data/svg/G14520ZO.svg
./data/svg/G14572XX.svg
./data/svg/G14576KZ.svg
./data/svg/G14696LD.svg
./data/svg/G14809NR.svg
./data/svg/G14854WL.svg
./data/svg/G14889WU.svg
./data/svg/G14996IQ.svg
./data/svg/G14998UC.svg
./data/svg/G15112UU.svg
./data/svg/G15198VK.svg
./data/svg/G15216UP.svg
./data/svg/G15355KC.svg
./data/svg/G15527QL.svg
./data/svg/G15571KX.svg
./data/svg/G15631YF.svg
./data/svg/G15683CN.svg
./data/svg/G15828HX.svg
./data/svg/G16119YF.svg
./data/svg/G16122GW.svg
./data/svg/G16150CJ.svg
./data/svg/G16204NU.svg
./data/svg/G16265MV.svg
./data/svg/G16344ZG.svg
./data/svg/G16397GM.svg
./data/svg/G16441MS.svg
./data/svg/G16481GK.svg
./data/svg/G16529MG.svg
./data/svg/G16536EO.svg
./data/svg/G16546ZZ.svg
./data/svg/G16633VX.svg
./data/svg/G16679DU.svg
./data/svg/G16733YD.svg
./data/svg/G16743OM.svg
./data/svg/G16774YZ.svg
./data/svg/G16778ZK.svg
./data/svg/G16828VN.svg
./data/svg/G16873YG.svg
./data/svg/G16933JU.svg
./data/svg/G17155VX.svg
./data/svg/G17164DX.svg
./data/svg/G17168RO.svg
./data/svg/G17207FU.svg
./data/svg/G17336WC.svg
./data/svg/G17348SA.svg
./data/svg/G17389EH.svg
./data/svg/G17409FQ.svg
./data/svg/G17441MI.svg
./data/svg/G17473NR.svg
./data/svg/G17540HT.svg
./data/svg/G17644VM.svg
./data/svg/G17689DH.svg
./data/svg/G17820VB.svg
./data/svg/G17848HM.svg
./data/svg/G17875TE.svg
./data/svg/G17964XN.svg
./data/svg/G17968CJ.svg
./data/svg/G17977UE.svg
./data/svg/G17996ZO.svg
./data/svg/G18160VJ.svg
./data/svg/G18165XJ.svg
./data/svg/G18188WJ.svg
./data/svg/G18219CJ.svg
./data/svg/G18223CA.svg
./data/svg/G18410AS.svg
./data/svg/G18510WC.svg
./data/svg/G18584GW.svg
./data/svg/G18619IO.svg
./data/svg/G18913QB.svg
./data/svg/G18938DW.svg
./data/svg/G18947DS.svg
./data/svg/G19106CR.svg
./data/svg/G19287UY.svg
./data/svg/G19310VN.svg
./data/svg/G19447ZX.svg
./data/svg/G19469VZ.svg
./data/svg/G19520XO.svg
./data/svg/G19537TS.svg
./data/svg/G19607EP.svg
./data/svg/G19615BB.svg
./data/svg/G19747OA.svg
./data/svg/G20030CU.svg
./data/svg/G20079RG.svg
./data/svg/G20170YB.svg
./data/svg/G20174ZL.svg
./data/svg/G20218ZS.svg
./data/svg/G20352YV.svg
./data/svg/G20544CY.svg
./data/svg/G20624LQ.svg
./data/svg/G20636FS.svg
./data/svg/G20662UG.svg
./data/svg/G20692QU.svg
./data/svg/G20751GZ.svg
./data/svg/G20767LB.svg
./data/svg/G20779SK.svg
./data/svg/G20877ZV.svg
./data/svg/G20894MY.svg
./data/svg/G20966IA.svg
./data/svg/G20983SP.svg
./data/svg/G21005TQ.svg
./data/svg/G21050RT.svg
./data/svg/G21257CI.svg
./data/svg/G21361AZ.svg
./data/svg/G21380FF.svg
./data/svg/G21415RL.svg
./data/svg/G21454AE.svg
./data/svg/G21737WY.svg
./data/svg/G22048BB.svg
./data/svg/G22098NU.svg
./data/svg/G22117HL.svg
./data/svg/G22117NA.svg
./data/svg/G22140GZ.svg
./data/svg/G22208HN.svg
./data/svg/G22237ZE.svg
./data/svg/G22246QW.svg
./data/svg/G22493AJ.svg
./data/svg/G22768VO.svg
./data/svg/G22836DF.svg
./data/svg/G22927MQ.svg
./data/svg/G22949KX.svg
./data/svg/G22979QH.svg
./data/svg/G23024PQ.svg
./data/svg/G23295TF.svg
./data/svg/G23296IL.svg
./data/svg/G23340ZN.svg
./data/svg/G23345GE.svg
./data/svg/G23416CI.svg
./data/svg/G23484GM.svg
./data/svg/G23577TY.svg
./data/svg/G23616ZX.svg
./data/svg/G23626NI.svg
./data/svg/G23661JI.svg
./data/svg/G23718VU.svg
./data/svg/G23722TU.svg
./data/svg/G23817OE.svg
./data/svg/G23824AT.svg
./data/svg/G23901NY.svg
./data/svg/G23980PE.svg
./data/svg/G24005JZ.svg
./data/svg/G24068UY.svg
./data/svg/G24329OK.svg
./data/svg/G24366XJ.svg
./data/svg/G24413UY.svg
./data/svg/G24432GW.svg
./data/svg/G24440EI.svg
./data/svg/G24498DI.svg
./data/svg/G24511TX.svg
./data/svg/G24585JV.svg
./data/svg/G24599MW.svg
./data/svg/G24604HV.svg
./data/svg/G24668UI.svg
./data/svg/G24705DL.svg
./data/svg/G24748QU.svg
./data/svg/G24769QK.svg
./data/svg/G24811FP.svg
./data/svg/G24812WY.svg
./data/svg/G24870CO.svg
./data/svg/G24954RW.svg
./data/svg/G25067TK.svg
./data/svg/G25328BM.svg
./data/svg/G25350TT.svg
./data/svg/G25392ZR.svg
./data/svg/G25423CA.svg
./data/svg/G25520XG.svg
./data/svg/G25534RX.svg
./data/svg/G25703UN.svg
./data/svg/G25835MT.svg
./data/svg/G25837HW.svg
./data/svg/G25890BU.svg
./data/svg/G25902AL.svg
./data/svg/G26144DH.svg
./data/svg/G26394UA.svg
./data/svg/G26421QW.svg
./data/svg/G26624YG.svg
./data/svg/G26684GN.svg
./data/svg/G26730QM.svg
./data/svg/G26877ST.svg
./data/svg/G26935KA.svg
./data/svg/G26939ZY.svg
./data/svg/G27040MJ.svg
./data/svg/G27102CT.svg
./data/svg/G27122CE.svg
./data/svg/G27165KO.svg
./data/svg/G27561QX.svg
./data/svg/G27669RW.svg
./data/svg/G27844UM.svg
./data/svg/G27874QL.svg
./data/svg/G27919IH.svg
./data/svg/G27929ZE.svg
./data/svg/G27983PC.svg
./data/svg/G28128KH.svg
./data/svg/G28156XV.svg
./data/svg/G28330DZ.svg
./data/svg/G28347RJ.svg
./data/svg/G28436VD.svg
./data/svg/G28459KM.svg
./data/svg/G28536BG.svg
./data/svg/G28659UB.svg
./data/svg/G28663KH.svg
./data/svg/G28723UT.svg
./data/svg/G28896CL.svg
./data/svg/G28948UC.svg
./data/svg/G28962GO.svg
./data/svg/G29011JC.svg
./data/svg/G29024OJ.svg
./data/svg/G29109PM.svg
./data/svg/G29130SY.svg
./data/svg/G29228MX.svg
./data/svg/G29271US.svg
./data/svg/G29377XJ.svg
./data/svg/G29461HI.svg
./data/svg/G29500SJ.svg
./data/svg/G29539MT.svg
./data/svg/G29574TI.svg
./data/svg/G29676WX.svg
./data/svg/G29695SR.svg
./data/svg/G29764SO.svg
./data/svg/G29850BY.svg
./data/svg/G29857RC.svg
./data/svg/G29884LW.svg
./data/svg/G29895JE.svg
./data/svg/G29905OR.svg
./data/svg/G29972ZX.svg
./data/svg/G30062BR.svg
./data/svg/G30084YQ.svg
./data/svg/G30109UP.svg
./data/svg/G30159WR.svg
./data/svg/G30309QX.svg
./data/svg/G30439IP.svg
./data/svg/G30460NZ.svg
./data/svg/G30529FG.svg
./data/svg/G30542PN.svg
./data/svg/G30617IL.svg
./data/svg/G30618VC.svg
./data/svg/G30633FJ.svg
./data/svg/G30797DS.svg
./data/svg/G30857WQ.svg
./data/svg/G30915AU.svg
./data/svg/G31021LA.svg
./data/svg/G31032XG.svg
./data/svg/G31186LT.svg
./data/svg/G31254TP.svg
./data/svg/G31341PC.svg
./data/svg/G31429YW.svg
./data/svg/G31438WA.svg
./data/svg/G31515BE.svg
./data/svg/G31532GK.svg
./data/svg/G31606TH.svg
./data/svg/G31627MW.svg
./data/svg/G31720WP.svg
./data/svg/G31822CM.svg
./data/svg/G31865AG.svg
./data/svg/G31991IV.svg
./data/svg/G31993QW.svg
./data/svg/G32104JU.svg
./data/svg/G32241HI.svg
./data/svg/G32364DF.svg
./data/svg/G32483HZ.svg
./data/svg/G32592IB.svg
./data/svg/G32659RY.svg
./data/svg/G32746QI.svg
./data/svg/G32974DS.svg
./data/svg/G33019PZ.svg
./data/svg/G33150PJ.svg
./data/svg/G33241WC.svg
./data/svg/G33262YZ.svg
./data/svg/G33269XL.svg
./data/svg/G33284WZ.svg
./data/svg/G33320JS.svg
./data/svg/G33370EK.svg
./data/svg/G33438CM.svg
./data/svg/G33522ME.svg
./data/svg/G33608TH.svg
./data/svg/G33671BL.svg
./data/svg/G33685ZQ.svg
./data/svg/G33734YD.svg
./data/svg/G33780DA.svg
./data/svg/G33841EB.svg
./data/svg/G33842PB.svg
./data/svg/G33876UV.svg
./data/svg/G33947BV.svg
./data/svg/G33981FE.svg
./data/svg/G34314SG.svg
./data/svg/G34499SX.svg
./data/svg/G34527RW.svg
./data/svg/G34582DB.svg
./data/svg/G34595KJ.svg
./data/svg/G34754UR.svg
./data/svg/G34946TH.svg
./data/svg/G35061TJ.svg
./data/svg/G35150SV.svg
./data/svg/G35231LE.svg
./data/svg/G35242IF.svg
./data/svg/G35429JB.svg
./data/svg/G35484EX.svg
./data/svg/G35599NO.svg
./data/svg/G35619UY.svg
./data/svg/G35722YG.svg
./data/svg/G35734AU.svg
./data/svg/G35747ZX.svg
./data/svg/G35798GO.svg
./data/svg/G35808UX.svg
./data/svg/G35823EX.svg
./data/svg/G35837ET.svg
./data/svg/G35952BG.svg
./data/svg/G36004BS.svg
./data/svg/G36042WR.svg
./data/svg/G36053YX.svg
./data/svg/G36118RA.svg
./data/svg/G36131WL.svg
./data/svg/G36171JA.svg
./data/svg/G36191CD.svg
./data/svg/G36211GH.svg
./data/svg/G36221RT.svg
./data/svg/G36225RM.svg
./data/svg/G36306KM.svg
./data/svg/G36362BK.svg
./data/svg/G36437LH.svg
./data/svg/G36523TZ.svg
./data/svg/G36581MF.svg
./data/svg/G36747XY.svg
./data/svg/G36859SD.svg
./data/svg/G36898CO.svg
./data/svg/G36909MR.svg
./data/svg/G36960FP.svg
./data/svg/G36966DH.svg
./data/svg/G36977EW.svg
./data/svg/G37135JQ.svg
./data/svg/G37166HP.svg
./data/svg/G37260FV.svg
./data/svg/G37276TY.svg
./data/svg/G37304XT.svg
./data/svg/G37306TB.svg
./data/svg/G37320GX.svg
./data/svg/G37552GO.svg
./data/svg/G37591JC.svg
./data/svg/G37601IJ.svg
./data/svg/G37626XQ.svg
./data/svg/G37745NY.svg
./data/svg/G37827FY.svg
./data/svg/G37986HU.svg
./data/svg/G38022PE.svg
./data/svg/G38047QV.svg
./data/svg/G38217AM.svg
./data/svg/G38249IZ.svg
./data/svg/G38267IW.svg
./data/svg/G38297TU.svg
./data/svg/G38362AS.svg
./data/svg/G38371WW.svg
./data/svg/G38404PP.svg
./data/svg/G38473PC.svg
./data/svg/G38586WN.svg
./data/svg/G38638WU.svg
./data/svg/G38658JL.svg
./data/svg/G38753OV.svg
./data/svg/G38756OC.svg
./data/svg/G38849GM.svg
./data/svg/G38909RH.svg
./data/svg/G38997JB.svg
./data/svg/G39062YR.svg
./data/svg/G39213VZ.svg
./data/svg/G39299DH.svg
./data/svg/G39397SW.svg
./data/svg/G39431MA.svg
./data/svg/G39437XQ.svg
./data/svg/G39452ZZ.svg
./data/svg/G39478RR.svg
./data/svg/G39531LA.svg
./data/svg/G39540XG.svg
./data/svg/G39567LQ.svg
./data/svg/G39600NF.svg
./data/svg/G39602UU.svg
./data/svg/G39617JJ.svg
./data/svg/G39764AC.svg
./data/svg/G39794DN.svg
./data/svg/G39809FW.svg
./data/svg/G39893KL.svg
./data/svg/G39917RN.svg
./data/svg/G39943KJ.svg
./data/svg/G39992DR.svg
./data/svg/G40027VO.svg
./data/svg/G40065EM.svg
./data/svg/G40194MN.svg
./data/svg/G40198OD.svg
./data/svg/G40200RC.svg
./data/svg/G40268BC.svg
./data/svg/G40343KH.svg
./data/svg/G40428GO.svg
./data/svg/G40452FK.svg
./data/svg/G40482NA.svg
./data/svg/G40490KT.svg
./data/svg/G40554DX.svg
./data/svg/G40608DF.svg
./data/svg/G40702WU.svg
./data/svg/G40786FB.svg
./data/svg/G40900UQ.svg
./data/svg/G40906DZ.svg
./data/svg/G40915GX.svg
./data/svg/G41304KE.svg
./data/svg/G41331JX.svg
./data/svg/G41510DX.svg
./data/svg/G41576FY.svg
./data/svg/G41708PN.svg
./data/svg/G41742IZ.svg
./data/svg/G41800OU.svg
./data/svg/G41817BL.svg
./data/svg/G41821MR.svg
./data/svg/G41824PC.svg
./data/svg/G41865ZJ.svg
./data/svg/G41912CL.svg
./data/svg/G41937ED.svg
./data/svg/G41981MA.svg
./data/svg/G42039DE.svg
./data/svg/G42264OV.svg
./data/svg/G42295MA.svg
./data/svg/G42358LZ.svg
./data/svg/G42380GI.svg
./data/svg/G42440OJ.svg
./data/svg/G42493LZ.svg
./data/svg/G42504VW.svg
./data/svg/G42525DE.svg
./data/svg/G42600SB.svg
./data/svg/G42614NV.svg
./data/svg/G42653GO.svg
./data/svg/G42674LI.svg
./data/svg/G42679AH.svg
./data/svg/G42680EX.svg
./data/svg/G42686NQ.svg
./data/svg/G42824AQ.svg
./data/svg/G42846BO.svg
./data/svg/G42862VU.svg
./data/svg/G43131ZX.svg
./data/svg/G43157UW.svg
./data/svg/G43159MH.svg
./data/svg/G43299SD.svg
./data/svg/G43346PX.svg
./data/svg/G43402RG.svg
./data/svg/G43499QE.svg
./data/svg/G43526DL.svg
./data/svg/G43553YK.svg
./data/svg/G43558RC.svg
./data/svg/G43648DB.svg
./data/svg/G43660IT.svg
./data/svg/G43664YB.svg
./data/svg/G43665PB.svg
./data/svg/G43694RQ.svg
./data/svg/G43761WH.svg
./data/svg/G43814TV.svg
./data/svg/G43832DJ.svg
./data/svg/G43984TE.svg
./data/svg/G44046WQ.svg
./data/svg/G44264DI.svg
./data/svg/G44276EF.svg
./data/svg/G44339YF.svg
./data/svg/G44364RM.svg
./data/svg/G44444MB.svg
./data/svg/G44533KV.svg
./data/svg/G44541JO.svg
./data/svg/G44572NU.svg
./data/svg/G44623TX.svg
./data/svg/G44639PM.svg
./data/svg/G44688UB.svg
./data/svg/G44747CU.svg
./data/svg/G44754DF.svg
./data/svg/G44770ZI.svg
./data/svg/G44825QL.svg
./data/svg/G44826KU.svg
./data/svg/G44842OK.svg
./data/svg/G44865OQ.svg
./data/svg/G45036WQ.svg
./data/svg/G45071EF.svg
./data/svg/G45104SZ.svg
./data/svg/G45187EI.svg
./data/svg/G45256SO.svg
./data/svg/G45359RY.svg
./data/svg/G45420PL.svg
./data/svg/G45498YC.svg
./data/svg/G45533OY.svg
./data/svg/G45560HM.svg
./data/svg/G45598BE.svg
./data/svg/G45700OA.svg
./data/svg/G45776ET.svg
./data/svg/G45777DE.svg
./data/svg/G45826PJ.svg
./data/svg/G45844BS.svg
./data/svg/G45888VL.svg
./data/svg/G45889JQ.svg
./data/svg/G45995IV.svg
./data/svg/G45996VR.svg
./data/svg/G45997JW.svg
./data/svg/G46038XL.svg
./data/svg/G46107JU.svg
./data/svg/G46185ND.svg
./data/svg/G46387UV.svg
./data/svg/G46406BL.svg
./data/svg/G46455GO.svg
./data/svg/G46568MX.svg
./data/svg/G46763GM.svg
./data/svg/G46768QH.svg
./data/svg/G46836GH.svg
./data/svg/G46945LQ.svg
./data/svg/G46991EQ.svg
./data/svg/G47007PV.svg
./data/svg/G47058MH.svg
./data/svg/G47108UC.svg
./data/svg/G47175EF.svg
./data/svg/G47206MY.svg
./data/svg/G47252EW.svg
./data/svg/G47253OG.svg
./data/svg/G47279LF.svg
./data/svg/G47407FC.svg
./data/svg/G47427YD.svg
./data/svg/G47498FQ.svg
./data/svg/G47531XE.svg
./data/svg/G47606XQ.svg
./data/svg/G47613FH.svg
./data/svg/G47675LW.svg
./data/svg/G47741BL.svg
./data/svg/G47760VS.svg
./data/svg/G47809KW.svg
./data/svg/G47816DI.svg
./data/svg/G47866EC.svg
./data/svg/G47936PQ.svg
./data/svg/G47961DI.svg
./data/svg/G47975JA.svg
./data/svg/G48020LQ.svg
./data/svg/G48040FY.svg
./data/svg/G48109OV.svg
./data/svg/G48185FI.svg
./data/svg/G48213MO.svg
./data/svg/G48381WH.svg
./data/svg/G48421GV.svg
./data/svg/G48442VP.svg
./data/svg/G48489PM.svg
./data/svg/G48527XN.svg
./data/svg/G48626HI.svg
./data/svg/G48648VZ.svg
./data/svg/G48713OY.svg
./data/svg/G48809ZO.svg
./data/svg/G48822BJ.svg
./data/svg/G48848IF.svg
./data/svg/G48975GN.svg
./data/svg/G49043NO.svg
./data/svg/G49084JY.svg
./data/svg/G49168NM.svg
./data/svg/G49225WK.svg
./data/svg/G49282JI.svg
./data/svg/G49305IN.svg
./data/svg/G49369WH.svg
./data/svg/G49401CB.svg
./data/svg/G49440XK.svg
./data/svg/G49446SO.svg
./data/svg/G49478NM.svg
./data/svg/G49503QY.svg
./data/svg/G49616WZ.svg
./data/svg/G49664YG.svg
./data/svg/G49743VF.svg
./data/svg/G49889OJ.svg
./data/svg/G49935CA.svg
./data/svg/G50076JD.svg
./data/svg/G50106JX.svg
./data/svg/G50112PT.svg
./data/svg/G50131RA.svg
./data/svg/G50210FA.svg
./data/svg/G50211SY.svg
./data/svg/G50216QG.svg
./data/svg/G50353PP.svg
./data/svg/G50489VC.svg
./data/svg/G50507PS.svg
./data/svg/G50508SG.svg
./data/svg/G50531NJ.svg
./data/svg/G50535IT.svg
./data/svg/G50660UT.svg
./data/svg/G50739NP.svg
./data/svg/G50779LX.svg
./data/svg/G50888WV.svg
./data/svg/G51057KO.svg
./data/svg/G51098AA.svg
./data/svg/G51333KM.svg
./data/svg/G51367TM.svg
./data/svg/G51444LH.svg
./data/svg/G51472TJ.svg
./data/svg/G51562OR.svg
./data/svg/G51654CU.svg
./data/svg/G51699IR.svg
./data/svg/G51793MY.svg
./data/svg/G51891DI.svg
./data/svg/G51896IF.svg
./data/svg/G51921XC.svg
./data/svg/G51930XP.svg
./data/svg/G51941GC.svg
./data/svg/G52038JM.svg
./data/svg/G52080WL.svg
./data/svg/G52112MC.svg
./data/svg/G52286UI.svg
./data/svg/G52358FD.svg
./data/svg/G52428MJ.svg
./data/svg/G52622SW.svg
./data/svg/G52676LZ.svg
./data/svg/G52724WY.svg
./data/svg/G52880ZN.svg
./data/svg/G52886CK.svg
./data/svg/G52934AK.svg
./data/svg/G52971DE.svg
./data/svg/G53031JB.svg
./data/svg/G53096UD.svg
./data/svg/G53168IY.svg
./data/svg/G53272SL.svg
./data/svg/G53276NK.svg
./data/svg/G53322JT.svg
./data/svg/G53450AF.svg
./data/svg/G53582JE.svg
./data/svg/G53667CH.svg
./data/svg/G53752TA.svg
./data/svg/G53800MQ.svg
./data/svg/G53809CJ.svg
./data/svg/G53817FJ.svg
./data/svg/G53854XZ.svg
./data/svg/G53933HU.svg
./data/svg/G53962WT.svg
./data/svg/G53985AY.svg
./data/svg/G54018RP.svg
./data/svg/G54059XR.svg
./data/svg/G54151YB.svg
./data/svg/G54158IT.svg
./data/svg/G54258NG.svg
./data/svg/G54273KX.svg
./data/svg/G54380FJ.svg
./data/svg/G54499PQ.svg
./data/svg/G54505OS.svg
./data/svg/G54513OG.svg
./data/svg/G54884LT.svg
./data/svg/G54981BW.svg
./data/svg/G55065WV.svg
./data/svg/G55220VL.svg
./data/svg/G55318GC.svg
./data/svg/G55373ZG.svg
./data/svg/G55396DW.svg
./data/svg/G55600PH.svg
./data/svg/G55661CO.svg
./data/svg/G55781KV.svg
./data/svg/G55783TD.svg
./data/svg/G55818EE.svg
./data/svg/G55867TY.svg
./data/svg/G55922CA.svg
./data/svg/G56014GC.svg
./data/svg/G56095ZZ.svg
./data/svg/G56175ED.svg
./data/svg/G56269EA.svg
./data/svg/G56271ML.svg
./data/svg/G56271TF.svg
./data/svg/G56318NV.svg
./data/svg/G56408DR.svg
./data/svg/G56499YQ.svg
./data/svg/G56516KW.svg
./data/svg/G56555MU.svg
./data/svg/G56653RI.svg
./data/svg/G56655CC.svg
./data/svg/G56749GV.svg
./data/svg/G56791SN.svg
./data/svg/G56852BX.svg
./data/svg/G56876DF.svg
./data/svg/G56891ZN.svg
./data/svg/G56903ZB.svg
./data/svg/G56963QZ.svg
./data/svg/G57028QM.svg
./data/svg/G57051OG.svg
./data/svg/G57075OH.svg
./data/svg/G57081YJ.svg
./data/svg/G57084IU.svg
./data/svg/G57267KB.svg
./data/svg/G57413FT.svg
./data/svg/G57484FV.svg
./data/svg/G57504TA.svg
./data/svg/G57565TQ.svg
./data/svg/G57607BW.svg
./data/svg/G57762GE.svg
./data/svg/G57774MT.svg
./data/svg/G57818FI.svg
./data/svg/G57835AK.svg
./data/svg/G57930PW.svg
./data/svg/G57937LQ.svg
./data/svg/G57955DP.svg
./data/svg/G57997IN.svg
./data/svg/G58029XR.svg
./data/svg/G58111YY.svg
./data/svg/G58217PP.svg
./data/svg/G58236FD.svg
./data/svg/G58338QG.svg
./data/svg/G58370UT.svg
./data/svg/G58517TJ.svg
./data/svg/G58561KE.svg
./data/svg/G58667NI.svg
./data/svg/G58746AB.svg
./data/svg/G58992VJ.svg
./data/svg/G59041MP.svg
./data/svg/G59149SL.svg
./data/svg/G59234CC.svg
./data/svg/G59297UK.svg
./data/svg/G59311AO.svg
./data/svg/G59358BQ.svg
./data/svg/G59361OW.svg
./data/svg/G59406KS.svg
./data/svg/G59471JC.svg
./data/svg/G59471TH.svg
./data/svg/G59513YA.svg
./data/svg/G59532XE.svg
./data/svg/G59616TT.svg
./data/svg/G59655SA.svg
./data/svg/G59742GY.svg
./data/svg/G59761EF.svg
./data/svg/G59784AY.svg
./data/svg/G59804RR.svg
./data/svg/G59984BF.svg
./data/svg/G60012HO.svg
./data/svg/G60149QJ.svg
./data/svg/G60215UL.svg
./data/svg/G60227QI.svg
./data/svg/G60230HH.svg
./data/svg/G60274JN.svg
./data/svg/G60320IS.svg
./data/svg/G60330MA.svg
./data/svg/G60439QY.svg
./data/svg/G60468EV.svg
./data/svg/G60496TU.svg
./data/svg/G60534NQ.svg
./data/svg/G60653VD.svg
./data/svg/G60951JA.svg
./data/svg/G60956VN.svg
./data/svg/G60963AS.svg
./data/svg/G61086WG.svg
./data/svg/G61207RZ.svg
./data/svg/G61283FH.svg
./data/svg/G61302NC.svg
./data/svg/G61334IA.svg
./data/svg/G61457CY.svg
./data/svg/G61519GA.svg
./data/svg/G61575RT.svg
./data/svg/G61601ZZ.svg
./data/svg/G61627IG.svg
./data/svg/G61706MD.svg
./data/svg/G61717JN.svg
./data/svg/G61751GZ.svg
./data/svg/G61792ET.svg
./data/svg/G61831UB.svg
./data/svg/G61846BY.svg
./data/svg/G61866NY.svg
./data/svg/G61941WO.svg
./data/svg/G61956VN.svg
./data/svg/G62088FQ.svg
./data/svg/G62112AO.svg
./data/svg/G62165AG.svg
./data/svg/G62196IB.svg
./data/svg/G62364JZ.svg
./data/svg/G62387ZO.svg
./data/svg/G62408IZ.svg
./data/svg/G62421QL.svg
./data/svg/G62464EH.svg
./data/svg/G62519IY.svg
./data/svg/G62527ZD.svg
./data/svg/G62619LG.svg
./data/svg/G62746IY.svg
./data/svg/G62765SF.svg
./data/svg/G62779OI.svg
./data/svg/G62797OV.svg
./data/svg/G62808KR.svg
./data/svg/G62968IF.svg
./data/svg/G62973JK.svg
./data/svg/G63035DM.svg
./data/svg/G63065KG.svg
./data/svg/G63100CN.svg
./data/svg/G63166WT.svg
./data/svg/G63170HT.svg
./data/svg/G63208BT.svg
./data/svg/G63337SS.svg
./data/svg/G63413QV.svg
./data/svg/G63480NF.svg
./data/svg/G63547QM.svg
./data/svg/G63679SF.svg
./data/svg/G63714PL.svg
./data/svg/G63787RZ.svg
./data/svg/G63889NK.svg
./data/svg/G63919RG.svg
./data/svg/G63939TP.svg
./data/svg/G64048GU.svg
./data/svg/G64132UH.svg
./data/svg/G64144LP.svg
./data/svg/G64384IL.svg
./data/svg/G64481DJ.svg
./data/svg/G64666BO.svg
./data/svg/G64693IG.svg
./data/svg/G64706DG.svg
./data/svg/G64803AP.svg
./data/svg/G64857LW.svg
./data/svg/G64860JV.svg
./data/svg/G65186XA.svg
./data/svg/G65219TP.svg
./data/svg/G65226QM.svg
./data/svg/G65294YU.svg
./data/svg/G65419YA.svg
./data/svg/G65449BO.svg
./data/svg/G65518IK.svg
./data/svg/G65575TV.svg
./data/svg/G65635AB.svg
./data/svg/G65760UO.svg
./data/svg/G65761WK.svg
./data/svg/G65832JS.svg
./data/svg/G65835SY.svg
./data/svg/G65890UA.svg
./data/svg/G65893EZ.svg
./data/svg/G65937EW.svg
./data/svg/G65984FE.svg
./data/svg/G66116BW.svg
./data/svg/G66122ZT.svg
./data/svg/G66129DI.svg
./data/svg/G66153IB.svg
./data/svg/G66265KN.svg
./data/svg/G66282NU.svg
./data/svg/G66286WQ.svg
./data/svg/G66348MF.svg
./data/svg/G66362JB.svg
./data/svg/G66474IG.svg
./data/svg/G66653BX.svg
./data/svg/G66655HQ.svg
./data/svg/G66661ZY.svg
./data/svg/G66665YI.svg
./data/svg/G66741YQ.svg
./data/svg/G66825OG.svg
./data/svg/G66932MV.svg
./data/svg/G66937TJ.svg
./data/svg/G66998OZ.svg
./data/svg/G67066JI.svg
./data/svg/G67079AO.svg
./data/svg/G67173FM.svg
./data/svg/G67342MA.svg
./data/svg/G67362UI.svg
./data/svg/G67393WG.svg
./data/svg/G67410LQ.svg
./data/svg/G67534LV.svg
./data/svg/G67608DN.svg
./data/svg/G67610NV.svg
./data/svg/G67767BR.svg
./data/svg/G67895PX.svg
./data/svg/G67898UK.svg
./data/svg/G67915MO.svg
./data/svg/G67924FL.svg
./data/svg/G67942CH.svg
./data/svg/G68059HB.svg
./data/svg/G68175NA.svg
./data/svg/G68203DZ.svg
./data/svg/G68283NG.svg
./data/svg/G68318SH.svg
./data/svg/G68354TY.svg
./data/svg/G68395LV.svg
./data/svg/G68651MF.svg
./data/svg/G68668TB.svg
./data/svg/G68679LW.svg
./data/svg/G68732HN.svg
./data/svg/G68758PE.svg
./data/svg/G68801RI.svg
./data/svg/G68817WF.svg
./data/svg/G68892PJ.svg
./data/svg/G68937TM.svg
./data/svg/G69062KW.svg
./data/svg/G69170UT.svg
./data/svg/G69303AY.svg
./data/svg/G69411IG.svg
./data/svg/G69461KL.svg
./data/svg/G69485SE.svg
./data/svg/G69672LF.svg
./data/svg/G69725KG.svg
./data/svg/G69813CQ.svg
./data/svg/G69957XS.svg
./data/svg/G69982RY.svg
./data/svg/G69985ZX.svg
./data/svg/G69987TD.svg
./data/svg/G70052MF.svg
./data/svg/G70059SD.svg
./data/svg/G70072FZ.svg
./data/svg/G70073SG.svg
./data/svg/G70076VV.svg
./data/svg/G70160EA.svg
./data/svg/G70194YY.svg
./data/svg/G70236HL.svg
./data/svg/G70246WA.svg
./data/svg/G70258ML.svg
./data/svg/G70382WT.svg
./data/svg/G70387YT.svg
./data/svg/G70490JW.svg
./data/svg/G70494TJ.svg
./data/svg/G70548CP.svg
./data/svg/G70800WO.svg
./data/svg/G70851FQ.svg
./data/svg/G70859XP.svg
./data/svg/G70881GL.svg
./data/svg/G70927FR.svg
./data/svg/G70945OS.svg
./data/svg/G70947EQ.svg
./data/svg/G70958LU.svg
./data/svg/G71013KY.svg
./data/svg/G71063DT.svg
./data/svg/G71146MY.svg
./data/svg/G71269BI.svg
./data/svg/G71296WI.svg
./data/svg/G71320DE.svg
./data/svg/G71332MU.svg
./data/svg/G71367OV.svg
./data/svg/G71451NN.svg
./data/svg/G71470CO.svg
./data/svg/G71479BM.svg
./data/svg/G71782CJ.svg
./data/svg/G71835BN.svg
./data/svg/G71865NO.svg
./data/svg/G71906BW.svg
./data/svg/G72085DL.svg
./data/svg/G72108VJ.svg
./data/svg/G72125QI.svg
./data/svg/G72128LZ.svg
./data/svg/G72131JM.svg
./data/svg/G72221XM.svg
./data/svg/G72300VE.svg
./data/svg/G72309KR.svg
./data/svg/G72356JA.svg
./data/svg/G72356VO.svg
./data/svg/G72406BE.svg
./data/svg/G72407WU.svg
./data/svg/G72460OS.svg
./data/svg/G72475NE.svg
./data/svg/G72533FB.svg
./data/svg/G72580QS.svg
./data/svg/G72718TT.svg
./data/svg/G72905QH.svg
./data/svg/G72952WX.svg
./data/svg/G72954XC.svg
./data/svg/G73073LQ.svg
./data/svg/G73162HV.svg
./data/svg/G73271AZ.svg
./data/svg/G73302KW.svg
./data/svg/G73308YY.svg
./data/svg/G73408MO.svg
./data/svg/G73439VG.svg
./data/svg/G73517CY.svg
./data/svg/G73539WK.svg
./data/svg/G73683LQ.svg
./data/svg/G73763NQ.svg
./data/svg/G73825BL.svg
./data/svg/G73836ED.svg
./data/svg/G73866ZM.svg
./data/svg/G73907HE.svg
./data/svg/G73930OK.svg
./data/svg/G74066YL.svg
./data/svg/G74264KM.svg
./data/svg/G74268SC.svg
./data/svg/G74290AC.svg
./data/svg/G74312RU.svg
./data/svg/G74325TG.svg
./data/svg/G74369SL.svg
./data/svg/G74429YM.svg
./data/svg/G74674RX.svg
./data/svg/G74716XL.svg
./data/svg/G74772YG.svg
./data/svg/G74837KH.svg
./data/svg/G74838NI.svg
./data/svg/G74859XI.svg
./data/svg/G75051CY.svg
./data/svg/G75082OS.svg
./data/svg/G75097UM.svg
./data/svg/G75120WS.svg
./data/svg/G75221WP.svg
./data/svg/G75269BP.svg
./data/svg/G75303RX.svg
./data/svg/G75318VB.svg
./data/svg/G75381NI.svg
./data/svg/G75494EI.svg
./data/svg/G75520NV.svg
./data/svg/G75584LU.svg
./data/svg/G75671DO.svg
./data/svg/G75701BM.svg
./data/svg/G75704ZB.svg
./data/svg/G75734VP.svg
./data/svg/G75824WJ.svg
./data/svg/G75825ZR.svg
./data/svg/G75839SN.svg
./data/svg/G75850OP.svg
./data/svg/G75903TQ.svg
./data/svg/G76012OT.svg
./data/svg/G76136FD.svg
./data/svg/G76241TN.svg
./data/svg/G76285RN.svg
./data/svg/G76294TY.svg
./data/svg/G76478FT.svg
./data/svg/G76583MP.svg
./data/svg/G76666KS.svg
./data/svg/G76675AB.svg
./data/svg/G76679QH.svg
./data/svg/G76924RW.svg
./data/svg/G76931AL.svg
./data/svg/G77038WW.svg
./data/svg/G77166ST.svg
./data/svg/G77174TF.svg
./data/svg/G77198CF.svg
./data/svg/G77207RR.svg
./data/svg/G77244ZA.svg
./data/svg/G77252PU.svg
./data/svg/G77396HT.svg
./data/svg/G77964WB.svg
./data/svg/G78030KJ.svg
./data/svg/G78059CC.svg
./data/svg/G78071LY.svg
./data/svg/G78173WX.svg
./data/svg/G78276SQ.svg
./data/svg/G78342SP.svg
./data/svg/G78368CZ.svg
./data/svg/G78391CU.svg
./data/svg/G78434AN.svg
./data/svg/G78681QL.svg
./data/svg/G78695LF.svg
./data/svg/G78813BX.svg
./data/svg/G78890OB.svg
./data/svg/G78944YP.svg
./data/svg/G78956IC.svg
./data/svg/G79215ZS.svg
./data/svg/G79249GP.svg
./data/svg/G79351ZW.svg
./data/svg/G79368CP.svg
./data/svg/G79394LC.svg
./data/svg/G79520GQ.svg
./data/svg/G79556AB.svg
./data/svg/G79565XA.svg
./data/svg/G79781PS.svg
./data/svg/G79809MM.svg
./data/svg/G79810PX.svg
./data/svg/G79852UE.svg
./data/svg/G79973CM.svg
./data/svg/G79996DQ.svg
./data/svg/G80163ME.svg
./data/svg/G80268ZC.svg
./data/svg/G80298HR.svg
./data/svg/G80319WU.svg
./data/svg/G80343LW.svg
./data/svg/G80537QW.svg
./data/svg/G80552MJ.svg
./data/svg/G80578OK.svg
./data/svg/G80583XN.svg
./data/svg/G80637VS.svg
./data/svg/G80650PW.svg
./data/svg/G80858MF.svg
./data/svg/G80966KZ.svg
./data/svg/G81107PN.svg
./data/svg/G81114MS.svg
./data/svg/G81121OC.svg
./data/svg/G81253FL.svg
./data/svg/G81294ZY.svg
./data/svg/G81397LO.svg
./data/svg/G81410HG.svg
./data/svg/G81459MV.svg
./data/svg/G81554CS.svg
./data/svg/G81561UL.svg
./data/svg/G81581UV.svg
./data/svg/G81873QA.svg
./data/svg/G81877PA.svg
./data/svg/G81915YU.svg
./data/svg/G82140BL.svg
./data/svg/G82207VX.svg
./data/svg/G82221BU.svg
./data/svg/G82252QI.svg
./data/svg/G82348BZ.svg
./data/svg/G82368PU.svg
./data/svg/G82405LP.svg
./data/svg/G82410AF.svg
./data/svg/G82458BB.svg
./data/svg/G82529OA.svg
./data/svg/G82680EC.svg
./data/svg/G82730QA.svg
./data/svg/G82753OZ.svg
./data/svg/G82779CI.svg
./data/svg/G82801WV.svg
./data/svg/G82811EP.svg
./data/svg/G82868SO.svg
./data/svg/G82894XV.svg
./data/svg/G82942ZJ.svg
./data/svg/G82955EQ.svg
./data/svg/G83006TR.svg
./data/svg/G83022ZQ.svg
./data/svg/G83062JW.svg
./data/svg/G83106XM.svg
./data/svg/G83161QT.svg
./data/svg/G83258AP.svg
./data/svg/G83425EJ.svg
./data/svg/G83455QZ.svg
./data/svg/G83461WR.svg
./data/svg/G83540SE.svg
./data/svg/G83600PQ.svg
./data/svg/G83624CJ.svg
./data/svg/G83644CC.svg
./data/svg/G83709GS.svg
./data/svg/G83737UD.svg
./data/svg/G83958MI.svg
./data/svg/G84153KU.svg
./data/svg/G84186YN.svg
./data/svg/G84287MH.svg
./data/svg/G84329MX.svg
./data/svg/G84330VA.svg
./data/svg/G84368MT.svg
./data/svg/G84390MS.svg
./data/svg/G84467IZ.svg
./data/svg/G84495HF.svg
./data/svg/G84504LI.svg
./data/svg/G84543RP.svg
./data/svg/G84552CD.svg
./data/svg/G84558OA.svg
./data/svg/G84674JQ.svg
./data/svg/G84678BK.svg
./data/svg/G84783XD.svg
./data/svg/G84811LS.svg
./data/svg/G84852GW.svg
./data/svg/G84882JT.svg
./data/svg/G84908OR.svg
./data/svg/G85041WE.svg
./data/svg/G85098WU.svg
./data/svg/G85422ZY.svg
./data/svg/G85447US.svg
./data/svg/G85460ZG.svg
./data/svg/G85542KD.svg
./data/svg/G85545IG.svg
./data/svg/G85599NG.svg
./data/svg/G85652RK.svg
./data/svg/G85678WN.svg
./data/svg/G85709JZ.svg
./data/svg/G85755BV.svg
./data/svg/G85767HW.svg
./data/svg/G85895SP.svg
./data/svg/G86053IC.svg
./data/svg/G86102AA.svg
./data/svg/G86102WJ.svg
./data/svg/G86294KR.svg
./data/svg/G86298IX.svg
./data/svg/G86357DX.svg
./data/svg/G86377KB.svg
./data/svg/G86385RC.svg
./data/svg/G86386QT.svg
./data/svg/G86475BX.svg
./data/svg/G86490WA.svg
./data/svg/G86495BQ.svg
./data/svg/G86504RY.svg
./data/svg/G86517XT.svg
./data/svg/G86522OD.svg
./data/svg/G86555OF.svg
./data/svg/G86606NT.svg
./data/svg/G86696LV.svg
./data/svg/G86750HK.svg
./data/svg/G86753CK.svg
./data/svg/G86881ZW.svg
./data/svg/G86928UZ.svg
./data/svg/G87073UP.svg
./data/svg/G87107PF.svg
./data/svg/G87124HX.svg
./data/svg/G87217OF.svg
./data/svg/G87308QC.svg
./data/svg/G87309GS.svg
./data/svg/G87320GN.svg
./data/svg/G87377GM.svg
./data/svg/G87418CY.svg
./data/svg/G87505EW.svg
./data/svg/G87535DG.svg
./data/svg/G87633UQ.svg
./data/svg/G87668ED.svg
./data/svg/G87695KR.svg
./data/svg/G87777GG.svg
./data/svg/G87889NL.svg
./data/svg/G87908HE.svg
./data/svg/G87921DA.svg
./data/svg/G87937HR.svg
./data/svg/G88068QT.svg
./data/svg/G88122ZQ.svg
./data/svg/G88242BL.svg
./data/svg/G88310CR.svg
./data/svg/G88334IC.svg
./data/svg/G88382QE.svg
./data/svg/G88417ED.svg
./data/svg/G88421PE.svg
./data/svg/G88461FF.svg
./data/svg/G88495BI.svg
./data/svg/G88673AA.svg
./data/svg/G88696CU.svg
./data/svg/G88734GE.svg
./data/svg/G88749TS.svg
./data/svg/G88784SV.svg
./data/svg/G88800UV.svg
./data/svg/G88876JQ.svg
./data/svg/G88884NJ.svg
./data/svg/G88948CY.svg
./data/svg/G89058RF.svg
./data/svg/G89144TN.svg
./data/svg/G89186VO.svg
./data/svg/G89241QS.svg
./data/svg/G89261EQ.svg
./data/svg/G89285QP.svg
./data/svg/G89319AW.svg
./data/svg/G89325VN.svg
./data/svg/G89364NG.svg
./data/svg/G89417VQ.svg
./data/svg/G89466MK.svg
./data/svg/G89532GI.svg
./data/svg/G89637WE.svg
./data/svg/G89663TB.svg
./data/svg/G89738LW.svg
./data/svg/G89808TP.svg
./data/svg/G89864BN.svg
./data/svg/G89877QI.svg
./data/svg/G89905SH.svg
./data/svg/G89923TD.svg
./data/svg/G89941FZ.svg
./data/svg/G89993FE.svg
./data/svg/G90099GV.svg
./data/svg/G90348RI.svg
./data/svg/G90542MP.svg
./data/svg/G90686TN.svg
./data/svg/G90712YJ.svg
./data/svg/G90725ZC.svg
./data/svg/G90784AP.svg
./data/svg/G90889KG.svg
./data/svg/G90950UC.svg
./data/svg/G90987JA.svg
./data/svg/G91020ZU.svg
./data/svg/G91023GB.svg
./data/svg/G91130VE.svg
./data/svg/G91297KX.svg
./data/svg/G91312MX.svg
./data/svg/G91365ZQ.svg
./data/svg/G91388QD.svg
./data/svg/G91413ZX.svg
./data/svg/G91518OM.svg
./data/svg/G91599FN.svg
./data/svg/G91704UR.svg
./data/svg/G91905FJ.svg
./data/svg/G92042VQ.svg
./data/svg/G92129PT.svg
./data/svg/G92219PK.svg
./data/svg/G92241FG.svg
./data/svg/G92257YN.svg
./data/svg/G92320PF.svg
./data/svg/G92534LG.svg
./data/svg/G92570PJ.svg
./data/svg/G92574YO.svg
./data/svg/G92575UZ.svg
./data/svg/G92594VG.svg
./data/svg/G92617LF.svg
./data/svg/G92681HQ.svg
./data/svg/G92709EO.svg
./data/svg/G92821YI.svg
./data/svg/G92974UU.svg
./data/svg/G93029JO.svg
./data/svg/G93148GC.svg
./data/svg/G93164KQ.svg
./data/svg/G93284HQ.svg
./data/svg/G93310KW.svg
./data/svg/G93320VA.svg
./data/svg/G93446UA.svg
./data/svg/G93500PH.svg
./data/svg/G93575MM.svg
./data/svg/G93624ZP.svg
./data/svg/G93638BI.svg
./data/svg/G93746CY.svg
./data/svg/G93758YP.svg
./data/svg/G93780IW.svg
./data/svg/G93788SW.svg
./data/svg/G93860XO.svg
./data/svg/G93861MS.svg
./data/svg/G93899AU.svg
./data/svg/G93906VI.svg
./data/svg/G93922AL.svg
./data/svg/G94019IV.svg
./data/svg/G94047VH.svg
./data/svg/G94116NC.svg
./data/svg/G94141FZ.svg
./data/svg/G94156YI.svg
./data/svg/G94163JU.svg
./data/svg/G94423NC.svg
./data/svg/G94449IF.svg
./data/svg/G94531EZ.svg
./data/svg/G94543DB.svg
./data/svg/G94626AX.svg
./data/svg/G94718HG.svg
./data/svg/G94806YM.svg
./data/svg/G94809SW.svg
./data/svg/G94876HV.svg
./data/svg/G94926TV.svg
./data/svg/G94946LG.svg
./data/svg/G95109CV.svg
./data/svg/G95166FG.svg
./data/svg/G95186HE.svg
./data/svg/G95198OA.svg
./data/svg/G95222PD.svg
./data/svg/G95227SJ.svg
./data/svg/G95260HV.svg
./data/svg/G95333ZG.svg
./data/svg/G95440SV.svg
./data/svg/G95473VJ.svg
./data/svg/G95575GS.svg
./data/svg/G95617FJ.svg
./data/svg/G95660LN.svg
./data/svg/G95786NX.svg
./data/svg/G95861KV.svg
./data/svg/G95901MC.svg
./data/svg/G95924JX.svg
./data/svg/G95984JN.svg
./data/svg/G95994EE.svg
./data/svg/G96063MG.svg
./data/svg/G96079QX.svg
./data/svg/G96175KT.svg
./data/svg/G96489SM.svg
./data/svg/G96503EZ.svg
./data/svg/G96719MC.svg
./data/svg/G96861IW.svg
./data/svg/G96916QO.svg
./data/svg/G96921ZU.svg
./data/svg/G96932XT.svg
./data/svg/G97023FS.svg
./data/svg/G97028UT.svg
./data/svg/G97109LT.svg
./data/svg/G97123TW.svg
./data/svg/G97185IQ.svg
./data/svg/G97292GW.svg
./data/svg/G97459BD.svg
./data/svg/G97539CG.svg
./data/svg/G97575FW.svg
./data/svg/G97709WW.svg
./data/svg/G97720QM.svg
./data/svg/G97765TT.svg
./data/svg/G97831CJ.svg
./data/svg/G97832IV.svg
./data/svg/G97842ZO.svg
./data/svg/G97948YW.svg
./data/svg/G98132BH.svg
./data/svg/G98140IX.svg
./data/svg/G98207CW.svg
./data/svg/G98212GQ.svg
./data/svg/G98292JT.svg
./data/svg/G98338IO.svg
./data/svg/G98549NZ.svg
./data/svg/G98559XP.svg
./data/svg/G98790NR.svg
./data/svg/G98940JV.svg
./data/svg/G98956LI.svg
./data/svg/G99026RX.svg
./data/svg/G99129GB.svg
./data/svg/G99141XX.svg
./data/svg/G99229VQ.svg
./data/svg/G99306JE.svg
./data/svg/G99372TR.svg
./data/svg/G99382AP.svg
./data/svg/G99403QU.svg
./data/svg/G99440FA.svg
./data/svg/G99448WD.svg
./data/svg/G99503MW.svg
./data/svg/G99568AR.svg
./data/svg/G99610EG.svg
./data/svg/G99622IJ.svg
./data/svg/G99626QO.svg
./data/svg/G99647DZ.svg
./data/svg/G99669MJ.svg
./data/svg/G99729IU.svg
./data/svg/G99808VS.svg
./data/svg/G99897FQ.svg
